# Bake Begins!
### (1 of 6) Copy sources
$ cp -a /home/travis/build/fontdirectory/ruda/METADATA.json /home/travis/build/fontdirectory/ruda/builds/build
$ cp -a /home/travis/build/fontdirectory/ruda/DESCRIPTION.en_us.html /home/travis/build/fontdirectory/ruda/builds/build
$ cp -a /home/travis/build/fontdirectory/ruda/FONTLOG.txt /home/travis/build/fontdirectory/ruda/builds/build
$ cp -a Ruda-Regular.ttf.ttx Ruda-Black.ttf.ttx Ruda-Bold.ttf.ttx src/Ruda-Bold.otf.ttx src/Ruda-Regular.otf.ttx src/Ruda-Black.otf.ttx src/Ruda-Black-TTF.sfd src/Ruda-Regular-TTF.sfd src/Ruda-Bold-TTF.sfd Ruda-Regular.ttf._h_e_a_d.ttx Ruda-Regular.ttf._h_m_t_x.ttx Ruda-Regular.ttf._p_r_e_p.ttx Ruda-Regular.ttf.GlyphOrder.ttx Ruda-Regular.ttf.G_P_O_S_.ttx Ruda-Regular.ttf._m_a_x_p.ttx Ruda-Regular.ttf.D_S_I_G_.ttx Ruda-Regular.ttf._h_h_e_a.ttx Ruda-Regular.ttf._g_a_s_p.ttx Ruda-Regular.ttf.F_F_T_M_.ttx Ruda-Regular.ttf._g_l_y_f.ttx Ruda-Regular.ttf._l_o_c_a.ttx Ruda-Regular.ttf._c_m_a_p.ttx Ruda-Regular.ttf.G_D_E_F_.ttx Ruda-Regular.ttf._p_o_s_t.ttx Ruda-Regular.ttf.G_S_U_B_.ttx Ruda-Regular.ttf.O_S_2f_2.ttx Ruda-Regular.ttf._n_a_m_e.ttx Ruda-Black.ttf.G_D_E_F_.ttx Ruda-Black.ttf.D_S_I_G_.ttx Ruda-Black.ttf._h_m_t_x.ttx Ruda-Black.ttf._h_e_a_d.ttx Ruda-Black.ttf._l_o_c_a.ttx Ruda-Black.ttf._p_r_e_p.ttx Ruda-Black.ttf.O_S_2f_2.ttx Ruda-Black.ttf._c_m_a_p.ttx Ruda-Black.ttf.F_F_T_M_.ttx Ruda-Black.ttf._g_l_y_f.ttx Ruda-Black.ttf._g_a_s_p.ttx Ruda-Black.ttf._m_a_x_p.ttx Ruda-Black.ttf.GlyphOrder.ttx Ruda-Black.ttf.G_P_O_S_.ttx Ruda-Black.ttf._n_a_m_e.ttx Ruda-Black.ttf._p_o_s_t.ttx Ruda-Black.ttf._h_h_e_a.ttx Ruda-Black.ttf.G_S_U_B_.ttx Ruda-Bold.ttf._h_m_t_x.ttx Ruda-Bold.ttf.G_S_U_B_.ttx Ruda-Bold.ttf.O_S_2f_2.ttx Ruda-Bold.ttf.G_P_O_S_.ttx Ruda-Bold.ttf._c_m_a_p.ttx Ruda-Bold.ttf._l_o_c_a.ttx Ruda-Bold.ttf.G_D_E_F_.ttx Ruda-Bold.ttf._n_a_m_e.ttx Ruda-Bold.ttf._g_l_y_f.ttx Ruda-Bold.ttf._m_a_x_p.ttx Ruda-Bold.ttf._h_h_e_a.ttx Ruda-Bold.ttf._g_a_s_p.ttx Ruda-Bold.ttf.F_F_T_M_.ttx Ruda-Bold.ttf.D_S_I_G_.ttx Ruda-Bold.ttf.GlyphOrder.ttx Ruda-Bold.ttf._p_r_e_p.ttx Ruda-Bold.ttf._p_o_s_t.ttx Ruda-Bold.ttf._h_e_a_d.ttx src/Ruda-Bold.otf._h_m_t_x.ttx src/Ruda-Bold.otf._n_a_m_e.ttx src/Ruda-Bold.otf._m_a_x_p.ttx src/Ruda-Bold.otf.C_F_F_.ttx src/Ruda-Bold.otf.GlyphOrder.ttx src/Ruda-Bold.otf._p_o_s_t.ttx src/Ruda-Bold.otf._k_e_r_n.ttx src/Ruda-Bold.otf._h_h_e_a.ttx src/Ruda-Bold.otf.O_S_2f_2.ttx src/Ruda-Bold.otf._h_e_a_d.ttx src/Ruda-Bold.otf._c_m_a_p.ttx src/Ruda-Regular.otf.O_S_2f_2.ttx src/Ruda-Regular.otf._h_e_a_d.ttx src/Ruda-Regular.otf._k_e_r_n.ttx src/Ruda-Regular.otf._h_h_e_a.ttx src/Ruda-Regular.otf._h_m_t_x.ttx src/Ruda-Regular.otf.C_F_F_.ttx src/Ruda-Regular.otf._p_o_s_t.ttx src/Ruda-Regular.otf._m_a_x_p.ttx src/Ruda-Regular.otf._n_a_m_e.ttx src/Ruda-Regular.otf.GlyphOrder.ttx src/Ruda-Regular.otf._c_m_a_p.ttx src/Ruda-Black.otf.GlyphOrder.ttx src/Ruda-Black.otf.O_S_2f_2.ttx src/Ruda-Black.otf._p_o_s_t.ttx src/Ruda-Black.otf._h_m_t_x.ttx src/Ruda-Black.otf._n_a_m_e.ttx src/Ruda-Black.otf._h_e_a_d.ttx src/Ruda-Black.otf._c_m_a_p.ttx src/Ruda-Black.otf._h_h_e_a.ttx src/Ruda-Black.otf._k_e_r_n.ttx src/Ruda-Black.otf.C_F_F_.ttx src/Ruda-Black.otf._m_a_x_p.ttx /home/travis/build/fontdirectory/ruda/builds/build/sources
### (2 of 6) pyfontaine
### (3 of 6) Run upstream tests
$ fontbakery-check.py upstream-repo sources
$ fontaine --collections subsets --text /home/travis/build/fontdirectory/ruda/builds/build/sources/Ruda-Bold.otf.ttx /home/travis/build/fontdirectory/ruda/builds/build/sources/Ruda-Regular.ttf.ttx /home/travis/build/fontdirectory/ruda/builds/build/sources/Ruda-Black.ttf.ttx /home/travis/build/fontdirectory/ruda/builds/build/sources/Ruda-Regular.otf.ttx /home/travis/build/fontdirectory/ruda/builds/build/sources/Ruda-Bold.ttf.ttx /home/travis/build/fontdirectory/ruda/builds/build/sources/Ruda-Black.otf.ttx /home/travis/build/fontdirectory/ruda/builds/build/sources/Ruda-Black-TTF.sfd /home/travis/build/fontdirectory/ruda/builds/build/sources/Ruda-Regular-TTF.sfd /home/travis/build/fontdirectory/ruda/builds/build/sources/Ruda-Bold-TTF.sfd > fontaine.txt
WARNING: Please install [PyICU](https://pypi.python.org/pypi/PyICU) toenable [feature], perhaps with: pip install pyicu
bakery_lint.tests.upstream.test_prepolation.FontTestPrepolation.test_font_prepolation_glyph_contours(): OK
pyfontaine error: Not a TrueType or OpenType font (bad sfntVersion)
pyfontaine process has been failed
bakery_lint.tests.upstream.test_prepolation.FontTestPrepolation.test_font_prepolation_glyph_points(): OK
bakery_lint.tests.upstream.test_prepolation.FontTestPrepolation.test_font_test_prepolation_glyph_names(): OK
bakery_lint.tests.upstream.test_check_upstream_sources.ProjectUpstreamTestCase.test_bakery_yaml_exists(): OK
bakery_lint.tests.upstream.test_check_upstream_sources.ProjectUpstreamTestCase.test_copyright_notices_same_across_family(): OK
bakery_lint.tests.upstream.test_check_upstream_sources.ProjectUpstreamTestCase.test_description_html_exists(): OK
bakery_lint.tests.upstream.test_check_upstream_sources.ProjectUpstreamTestCase.test_fontlog_txt_exists(): OK
bakery_lint.tests.upstream.test_check_upstream_sources.ProjectUpstreamTestCase.test_metadata_json_exists(): OK
bakery_lint.tests.upstream.test_diacritic.TestDiacritic.test_diacritic_made_as_component(): OK
bakery_lint.tests.upstream.test_diacritic.TestDiacritic.test_diacritic_made_as_mark_to_mark(): OK
bakery_lint.tests.upstream.test_diacritic.TestDiacritic.test_diacritic_made_as_own_glyphs(): OK
$ fontbakery-check.py upstream-ttx Ruda-Bold.otf.ttx
bakery_lint.tests.upstream.test_font_filename_eq_familystyle.TestTTFSourceFontFileNameEqualsFamilyStyle.test_source_ttf_font_filename_equals_familystyle(): FAIL
$ mv /home/travis/build/fontdirectory/ruda/builds/build/sources/Ruda-Bold.otf.ttx /home/travis/build/fontdirectory/ruda/builds/build/sources/Ruda-Bold.ttx
bakery_lint.tests.upstream.test_font_filename_eq_familystyle.TestTTFSourceFontFileNameEqualsFamilyStyle.test_source_ttf_font_filename_equals_familystyle(): OK
bakery_lint.tests.upstream.test_check_ttx_requirements.SourceTTXTest.test_epar_in_keys(): FAIL
bakery_lint.tests.upstream.test_check_ttx_requirements.SourceTTXTest.test_os2_in_keys(): OK
bakery_lint.tests.upstream.test_check_ttx_requirements.SourceTTXTest.test_ttx_doesnt_contain_duplicate_glyphs(): OK
bakery_lint.tests.upstream.test_check_ttx_fontfamily_recommendations.TTX_FontFamilyNamingTest.test_ttx_family_naming_recommendation(): OK
bakery_lint.tests.upstream.test_glyphname_does_not_contain_disallowed_chars.TestGlyphNameDoesNotContainsDisallowedChars.test_glyphname_does_not_contain_disallowed_chars(): FAIL
$ fontbakery-check.py upstream-ttx Ruda-Regular.ttf.ttx
bakery_lint.tests.upstream.test_font_filename_eq_familystyle.TestTTFSourceFontFileNameEqualsFamilyStyle.test_source_ttf_font_filename_equals_familystyle(): FAIL
$ mv /home/travis/build/fontdirectory/ruda/builds/build/sources/Ruda-Regular.ttf.ttx /home/travis/build/fontdirectory/ruda/builds/build/sources/Ruda-Regular.ttx
bakery_lint.tests.upstream.test_font_filename_eq_familystyle.TestTTFSourceFontFileNameEqualsFamilyStyle.test_source_ttf_font_filename_equals_familystyle(): OK
bakery_lint.tests.upstream.test_check_ttx_requirements.SourceTTXTest.test_epar_in_keys(): FAIL
bakery_lint.tests.upstream.test_check_ttx_requirements.SourceTTXTest.test_os2_in_keys(): OK
bakery_lint.tests.upstream.test_check_ttx_requirements.SourceTTXTest.test_ttx_doesnt_contain_duplicate_glyphs(): OK
bakery_lint.tests.upstream.test_check_ttx_fontfamily_recommendations.TTX_FontFamilyNamingTest.test_ttx_family_naming_recommendation(): OK
bakery_lint.tests.upstream.test_glyphname_does_not_contain_disallowed_chars.TestGlyphNameDoesNotContainsDisallowedChars.test_glyphname_does_not_contain_disallowed_chars(): FAIL
$ fontbakery-check.py upstream-ttx Ruda-Black.ttf.ttx
bakery_lint.tests.upstream.test_font_filename_eq_familystyle.TestTTFSourceFontFileNameEqualsFamilyStyle.test_source_ttf_font_filename_equals_familystyle(): FAIL
$ mv /home/travis/build/fontdirectory/ruda/builds/build/sources/Ruda-Black.ttf.ttx /home/travis/build/fontdirectory/ruda/builds/build/sources/Ruda-Black.ttx
bakery_lint.tests.upstream.test_font_filename_eq_familystyle.TestTTFSourceFontFileNameEqualsFamilyStyle.test_source_ttf_font_filename_equals_familystyle(): OK
bakery_lint.tests.upstream.test_check_ttx_requirements.SourceTTXTest.test_epar_in_keys(): FAIL
bakery_lint.tests.upstream.test_check_ttx_requirements.SourceTTXTest.test_os2_in_keys(): OK
bakery_lint.tests.upstream.test_check_ttx_requirements.SourceTTXTest.test_ttx_doesnt_contain_duplicate_glyphs(): OK
bakery_lint.tests.upstream.test_check_ttx_fontfamily_recommendations.TTX_FontFamilyNamingTest.test_ttx_family_naming_recommendation(): OK
bakery_lint.tests.upstream.test_glyphname_does_not_contain_disallowed_chars.TestGlyphNameDoesNotContainsDisallowedChars.test_glyphname_does_not_contain_disallowed_chars(): FAIL
$ fontbakery-check.py upstream-ttx Ruda-Regular.otf.ttx
bakery_lint.tests.upstream.test_font_filename_eq_familystyle.TestTTFSourceFontFileNameEqualsFamilyStyle.test_source_ttf_font_filename_equals_familystyle(): FAIL
$ mv /home/travis/build/fontdirectory/ruda/builds/build/sources/Ruda-Regular.otf.ttx /home/travis/build/fontdirectory/ruda/builds/build/sources/Ruda-Regular.ttx
bakery_lint.tests.upstream.test_font_filename_eq_familystyle.TestTTFSourceFontFileNameEqualsFamilyStyle.test_source_ttf_font_filename_equals_familystyle(): OK
bakery_lint.tests.upstream.test_check_ttx_requirements.SourceTTXTest.test_epar_in_keys(): FAIL
bakery_lint.tests.upstream.test_check_ttx_requirements.SourceTTXTest.test_os2_in_keys(): OK
bakery_lint.tests.upstream.test_check_ttx_requirements.SourceTTXTest.test_ttx_doesnt_contain_duplicate_glyphs(): OK
bakery_lint.tests.upstream.test_check_ttx_fontfamily_recommendations.TTX_FontFamilyNamingTest.test_ttx_family_naming_recommendation(): OK
bakery_lint.tests.upstream.test_glyphname_does_not_contain_disallowed_chars.TestGlyphNameDoesNotContainsDisallowedChars.test_glyphname_does_not_contain_disallowed_chars(): FAIL
$ fontbakery-check.py upstream-ttx Ruda-Bold.ttf.ttx
bakery_lint.tests.upstream.test_font_filename_eq_familystyle.TestTTFSourceFontFileNameEqualsFamilyStyle.test_source_ttf_font_filename_equals_familystyle(): FAIL
$ mv /home/travis/build/fontdirectory/ruda/builds/build/sources/Ruda-Bold.ttf.ttx /home/travis/build/fontdirectory/ruda/builds/build/sources/Ruda-Bold.ttx
bakery_lint.tests.upstream.test_font_filename_eq_familystyle.TestTTFSourceFontFileNameEqualsFamilyStyle.test_source_ttf_font_filename_equals_familystyle(): OK
bakery_lint.tests.upstream.test_check_ttx_requirements.SourceTTXTest.test_epar_in_keys(): FAIL
bakery_lint.tests.upstream.test_check_ttx_requirements.SourceTTXTest.test_os2_in_keys(): OK
bakery_lint.tests.upstream.test_check_ttx_requirements.SourceTTXTest.test_ttx_doesnt_contain_duplicate_glyphs(): OK
bakery_lint.tests.upstream.test_check_ttx_fontfamily_recommendations.TTX_FontFamilyNamingTest.test_ttx_family_naming_recommendation(): OK
bakery_lint.tests.upstream.test_glyphname_does_not_contain_disallowed_chars.TestGlyphNameDoesNotContainsDisallowedChars.test_glyphname_does_not_contain_disallowed_chars(): FAIL
$ fontbakery-check.py upstream-ttx Ruda-Black.otf.ttx
bakery_lint.tests.upstream.test_font_filename_eq_familystyle.TestTTFSourceFontFileNameEqualsFamilyStyle.test_source_ttf_font_filename_equals_familystyle(): FAIL
$ mv /home/travis/build/fontdirectory/ruda/builds/build/sources/Ruda-Black.otf.ttx /home/travis/build/fontdirectory/ruda/builds/build/sources/Ruda-Black.ttx
bakery_lint.tests.upstream.test_font_filename_eq_familystyle.TestTTFSourceFontFileNameEqualsFamilyStyle.test_source_ttf_font_filename_equals_familystyle(): OK
bakery_lint.tests.upstream.test_check_ttx_requirements.SourceTTXTest.test_epar_in_keys(): FAIL
bakery_lint.tests.upstream.test_check_ttx_requirements.SourceTTXTest.test_os2_in_keys(): OK
bakery_lint.tests.upstream.test_check_ttx_requirements.SourceTTXTest.test_ttx_doesnt_contain_duplicate_glyphs(): OK
bakery_lint.tests.upstream.test_check_ttx_fontfamily_recommendations.TTX_FontFamilyNamingTest.test_ttx_family_naming_recommendation(): OK
bakery_lint.tests.upstream.test_glyphname_does_not_contain_disallowed_chars.TestGlyphNameDoesNotContainsDisallowedChars.test_glyphname_does_not_contain_disallowed_chars(): FAIL
$ fontbakery-check.py upstream Ruda-Black-TTF.sfd
bakery_lint.tests.upstream.test_check_ufo_requirements.UfoOpenTest.test_has_rupee(): ERROR
bakery_lint.tests.upstream.test_check_ufo_requirements.UfoOpenTest.test_is_A(): ERROR
bakery_lint.tests.upstream.test_check_ufo_requirements.UfoOpenTest.test_is_A_a_glyph_instance(): ERROR
bakery_lint.tests.upstream.test_check_ufo_requirements.UfoOpenTest.test_is_ended_ufo(): ERROR
bakery_lint.tests.upstream.test_check_ufo_requirements.UfoOpenTest.test_is_folder(): ERROR
bakery_lint.tests.upstream.test_check_ufo_requirements.UfoOpenTest.test_is_fsType_eq_1(): ERROR
bakery_lint.tests.upstream.test_check_ufo_requirements.UfoOpenTest.test_it_exists(): ERROR
bakery_lint.tests.upstream.test_unicode_value_should_appear_only_once_per_font.UnicodeValueShouldAppearOnlyOnce.testUnicodeValue(): ERROR
bakery_lint.tests.upstream.test_font_filename_eq_familystyle.TestTTFSourceFontFileNameEqualsFamilyStyle.test_source_ttf_font_filename_equals_familystyle(): ERROR
bakery_lint.tests.upstream.test_contour_count.TestContourCount.test_contour_count(): ERROR
bakery_lint.tests.upstream.test_check_ufo_fontfamily_recommendations.TestUFOFontFamilyNamingTest.test_familyname_less_than_32_chars(): OK
bakery_lint.tests.upstream.test_check_ufo_fontfamily_recommendations.TestUFOFontFamilyNamingTest.test_fullfontname_less_than_64_chars(): OK
bakery_lint.tests.upstream.test_check_ufo_fontfamily_recommendations.TestUFOFontFamilyNamingTest.test_postscriptname_consistof_allowed_chars(): OK
bakery_lint.tests.upstream.test_check_ufo_fontfamily_recommendations.TestUFOFontFamilyNamingTest.test_postscriptname_less_than_30_chars(): OK
bakery_lint.tests.upstream.test_check_ufo_fontfamily_recommendations.TestUFOFontFamilyNamingTest.test_stylename_less_than_32_chars(): OK
bakery_lint.tests.upstream.test_check_ufo_fontfamily_recommendations.TestUFOFontFamilyNamingTest.test_weight_value_range_between_250_and_900(): OK
$ fontbakery-check.py upstream Ruda-Regular-TTF.sfd
bakery_lint.tests.upstream.test_check_ufo_requirements.UfoOpenTest.test_has_rupee(): ERROR
bakery_lint.tests.upstream.test_check_ufo_requirements.UfoOpenTest.test_is_A(): ERROR
bakery_lint.tests.upstream.test_check_ufo_requirements.UfoOpenTest.test_is_A_a_glyph_instance(): ERROR
bakery_lint.tests.upstream.test_check_ufo_requirements.UfoOpenTest.test_is_ended_ufo(): ERROR
bakery_lint.tests.upstream.test_check_ufo_requirements.UfoOpenTest.test_is_folder(): ERROR
bakery_lint.tests.upstream.test_check_ufo_requirements.UfoOpenTest.test_is_fsType_eq_1(): ERROR
bakery_lint.tests.upstream.test_check_ufo_requirements.UfoOpenTest.test_it_exists(): ERROR
bakery_lint.tests.upstream.test_unicode_value_should_appear_only_once_per_font.UnicodeValueShouldAppearOnlyOnce.testUnicodeValue(): ERROR
bakery_lint.tests.upstream.test_font_filename_eq_familystyle.TestTTFSourceFontFileNameEqualsFamilyStyle.test_source_ttf_font_filename_equals_familystyle(): ERROR
bakery_lint.tests.upstream.test_contour_count.TestContourCount.test_contour_count(): ERROR
bakery_lint.tests.upstream.test_check_ufo_fontfamily_recommendations.TestUFOFontFamilyNamingTest.test_familyname_less_than_32_chars(): OK
bakery_lint.tests.upstream.test_check_ufo_fontfamily_recommendations.TestUFOFontFamilyNamingTest.test_fullfontname_less_than_64_chars(): OK
bakery_lint.tests.upstream.test_check_ufo_fontfamily_recommendations.TestUFOFontFamilyNamingTest.test_postscriptname_consistof_allowed_chars(): OK
bakery_lint.tests.upstream.test_check_ufo_fontfamily_recommendations.TestUFOFontFamilyNamingTest.test_postscriptname_less_than_30_chars(): OK
bakery_lint.tests.upstream.test_check_ufo_fontfamily_recommendations.TestUFOFontFamilyNamingTest.test_stylename_less_than_32_chars(): OK
bakery_lint.tests.upstream.test_check_ufo_fontfamily_recommendations.TestUFOFontFamilyNamingTest.test_weight_value_range_between_250_and_900(): OK
$ fontbakery-check.py upstream Ruda-Bold-TTF.sfd
bakery_lint.tests.upstream.test_check_ufo_requirements.UfoOpenTest.test_has_rupee(): ERROR
bakery_lint.tests.upstream.test_check_ufo_requirements.UfoOpenTest.test_is_A(): ERROR
bakery_lint.tests.upstream.test_check_ufo_requirements.UfoOpenTest.test_is_A_a_glyph_instance(): ERROR
bakery_lint.tests.upstream.test_check_ufo_requirements.UfoOpenTest.test_is_ended_ufo(): ERROR
bakery_lint.tests.upstream.test_check_ufo_requirements.UfoOpenTest.test_is_folder(): ERROR
bakery_lint.tests.upstream.test_check_ufo_requirements.UfoOpenTest.test_is_fsType_eq_1(): ERROR
bakery_lint.tests.upstream.test_check_ufo_requirements.UfoOpenTest.test_it_exists(): ERROR
bakery_lint.tests.upstream.test_unicode_value_should_appear_only_once_per_font.UnicodeValueShouldAppearOnlyOnce.testUnicodeValue(): ERROR
bakery_lint.tests.upstream.test_font_filename_eq_familystyle.TestTTFSourceFontFileNameEqualsFamilyStyle.test_source_ttf_font_filename_equals_familystyle(): ERROR
bakery_lint.tests.upstream.test_contour_count.TestContourCount.test_contour_count(): ERROR
bakery_lint.tests.upstream.test_check_ufo_fontfamily_recommendations.TestUFOFontFamilyNamingTest.test_familyname_less_than_32_chars(): OK
bakery_lint.tests.upstream.test_check_ufo_fontfamily_recommendations.TestUFOFontFamilyNamingTest.test_fullfontname_less_than_64_chars(): OK
bakery_lint.tests.upstream.test_check_ufo_fontfamily_recommendations.TestUFOFontFamilyNamingTest.test_postscriptname_consistof_allowed_chars(): OK
bakery_lint.tests.upstream.test_check_ufo_fontfamily_recommendations.TestUFOFontFamilyNamingTest.test_postscriptname_less_than_30_chars(): OK
bakery_lint.tests.upstream.test_check_ufo_fontfamily_recommendations.TestUFOFontFamilyNamingTest.test_stylename_less_than_32_chars(): OK
bakery_lint.tests.upstream.test_check_ufo_fontfamily_recommendations.TestUFOFontFamilyNamingTest.test_weight_value_range_between_250_and_900(): OK
### (4 of 6) Convert sources to TTF
$ ttx -d /home/travis/build/fontdirectory/ruda/builds/build /home/travis/build/fontdirectory/ruda/builds/build/sources/Ruda-Black.ttx /home/travis/build/fontdirectory/ruda/builds/build/sources/Ruda-Regular.ttx /home/travis/build/fontdirectory/ruda/builds/build/sources/Ruda-Bold.ttx
$ fontbakery-build-font2ttf.py sources/Ruda-Black.otf Ruda-Black.ttf
Success: Generated OpenType-TTF (/home/travis/build/fontdirectory/ruda/builds/build/Ruda-Black.ttf)
strippedname:/home/travis/build/fontdirectory/ruda/builds/build/sources/Ruda-Black-TTF.sfd
strippedname:/home/travis/build/fontdirectory/ruda/builds/build/sources/Ruda-Regular-TTF.sfd
strippedname:/home/travis/build/fontdirectory/ruda/builds/build/sources/Ruda-Bold-TTF.sfd
Compiling "/home/travis/build/fontdirectory/ruda/builds/build/sources/Ruda-Black.ttx" to "/home/travis/build/fontdirectory/ruda/builds/build/Ruda-Black.otf"...
Parsing 'GlyphOrder' table...
Parsing 'head' table...
Parsing 'hhea' table...
Parsing 'maxp' table...
Parsing 'OS/2' table...
Parsing 'name' table...
Parsing 'cmap' table...
Parsing 'post' table...
Parsing 'CFF ' table...
Parsing 'hmtx' table...
Parsing 'kern' table...
Compiling "/home/travis/build/fontdirectory/ruda/builds/build/sources/Ruda-Regular.ttx" to "/home/travis/build/fontdirectory/ruda/builds/build/Ruda-Regular.otf"...
Parsing 'GlyphOrder' table...
Parsing 'head' table...
Parsing 'hhea' table...
Parsing 'maxp' table...
Parsing 'OS/2' table...
Parsing 'name' table...
Parsing 'cmap' table...
Parsing 'post' table...
Parsing 'CFF ' table...
Parsing 'hmtx' table...
Parsing 'kern' table...
Compiling "/home/travis/build/fontdirectory/ruda/builds/build/sources/Ruda-Bold.ttx" to "/home/travis/build/fontdirectory/ruda/builds/build/Ruda-Bold.ttf"...
Parsing 'GlyphOrder' table...
Parsing 'head' table...
Parsing 'hhea' table...
Parsing 'maxp' table...
Parsing 'OS/2' table...
Parsing 'hmtx' table...
Parsing 'cmap' table...
Parsing 'prep' table...
Parsing 'loca' table...
Parsing 'glyf' table...
Parsing 'name' table...
Parsing 'post' table...
Parsing 'gasp' table...
Parsing 'FFTM' table...
Parsing 'GDEF' table...
Parsing 'GPOS' table...
Parsing 'GSUB' table...
Parsing 'DSIG' table...
strippedname:/home/travis/build/fontdirectory/ruda/builds/build/Ruda-Black.otf
### Test Ruda-Black.ttf
$ fontbakery-check.py result Ruda-Black.ttf
bakery_lint.tests.downstream.test_check_italic_angle_agreement.CheckItalicAngleAgreement.test_check_italic_angle_agreement(): OK
bakery_lint.tests.downstream.test_check_upm_heights_less_120.TestCheckUPMHeightsLess120.test_check_upm_heigths_less_120(): FAIL
bakery_lint.tests.downstream.test_check_font_tables.CheckFontHasDsigTable.test_check_font_has_dsig_table(): OK
bakery_lint.tests.downstream.test_check_font_tables.CheckFontHasNotKernTable.test_no_kern_table_exists(): OK
bakery_lint.tests.downstream.test_check_name_table_recommendation.CheckStyleNameRecommendation.test_check_stylename_is_under_recommendations(): FAIL
$ fontbakery-fix-opentype-names.py /home/travis/build/fontdirectory/ruda/builds/build/Ruda-Black.ttf
$ mv /home/travis/build/fontdirectory/ruda/builds/build/Ruda-Black.ttf.fix /home/travis/build/fontdirectory/ruda/builds/build/Ruda-Black.ttf
bakery_lint.tests.downstream.test_check_name_table_recommendation.CheckStyleNameRecommendation.test_check_stylename_is_under_recommendations(): FAIL
bakery_lint.tests.downstream.test_check_name_table_recommendation.CheckOTFamilyNameRecommendation.test_check_opentype_familyname(): OK
bakery_lint.tests.downstream.test_check_name_table_recommendation.CheckOTStyleNameRecommendation.test_check_opentype_stylename(): FAIL
$ fontbakery-fix-opentype-names.py /home/travis/build/fontdirectory/ruda/builds/build/Ruda-Black.ttf
$ mv /home/travis/build/fontdirectory/ruda/builds/build/Ruda-Black.ttf.fix /home/travis/build/fontdirectory/ruda/builds/build/Ruda-Black.ttf
bakery_lint.tests.downstream.test_check_name_table_recommendation.CheckOTStyleNameRecommendation.test_check_opentype_stylename(): FAIL
bakery_lint.tests.downstream.test_check_name_table_recommendation.CheckOTFullNameRecommendation.test_check_opentype_fullname(): OK
bakery_lint.tests.downstream.test_check_nbsp_width_matches_sp_width.CheckNbspWidthMatchesSpWidth.test_check_nbsp_width_matches_sp_width(): FAIL
$ fontbakery-fix-nbsp.py /home/travis/build/fontdirectory/ruda/builds/build/Ruda-Black.ttf
$ mv /home/travis/build/fontdirectory/ruda/builds/build/Ruda-Black.ttf.fix /home/travis/build/fontdirectory/ruda/builds/build/Ruda-Black.ttf
bakery_lint.tests.downstream.test_check_nbsp_width_matches_sp_width.CheckNbspWidthMatchesSpWidth.test_check_nbsp_width_matches_sp_width(): FAIL
bakery_lint.tests.downstream.test_check_names_same_across_platforms.CheckNamesSameAcrossPlatforms.test_check_names_same_across_platforms(): OK
bakery_lint.tests.downstream.test_check_panose_identification.CheckPanoseIdentification.test_check_panose_identification(): OK
bakery_lint.tests.downstream.test_check_license_included.CheckLicenseIncluded.test_license_included_in_font_names(): OK
bakery_lint.tests.downstream.test_check_full_font_name_begins_with_family_name.CheckFullFontNameBeginsWithFamilyName.test_check_full_font_name_begins_with_family_name(): OK
bakery_lint.tests.downstream.test_check_unused_glyph_data.CheckUnusedGlyphData.test_check_unused_glyph_data(): ERROR
bakery_lint.tests.downstream.test_gasp_table_value.CheckGaspTableType.test_check_gasp_table_type(): FAIL
$ fontbakery-fix-gasp.py --set=15 /home/travis/build/fontdirectory/ruda/builds/build/Ruda-Black.ttf
$ mv /home/travis/build/fontdirectory/ruda/builds/build/Ruda-Black.ttf.fix /home/travis/build/fontdirectory/ruda/builds/build/Ruda-Black.ttf
bakery_lint.tests.downstream.test_gasp_table_value.CheckGaspTableType.test_check_gasp_table_type(): OK
$ fontbakery-fix-gasp.py --set=15 /home/travis/build/fontdirectory/ruda/builds/build/Ruda-Black.ttf
$ mv /home/travis/build/fontdirectory/ruda/builds/build/Ruda-Black.ttf.fix /home/travis/build/fontdirectory/ruda/builds/build/Ruda-Black.ttf
bakery_lint.tests.downstream.test_check_hmtx_hhea_max_advance_width_agreement.CheckHmtxHheaMaxAdvanceWidthAgreement.test_check_hmtx_hhea_max_advance_width_agreement(): OK
bakery_lint.tests.downstream.test_check_font_agreements.CheckFsTypeIsNotSet.test_is_fstype_not_set(): OK
$ fontbakery-fix-fstype.py --autofix /home/travis/build/fontdirectory/ruda/builds/build/Ruda-Black.ttf
$ mv /home/travis/build/fontdirectory/ruda/builds/build/Ruda-Black.ttf.fix /home/travis/build/fontdirectory/ruda/builds/build/Ruda-Black.ttf
bakery_lint.tests.downstream.test_check_font_agreements.CheckFontAgreements.test_em_is_1000(): OK
bakery_lint.tests.downstream.test_check_font_agreements.CheckFontAgreements.test_font_is_font(): OK
bakery_lint.tests.downstream.test_check_font_agreements.CheckFontAgreements.test_latin_file_exists(): FAIL
bakery_lint.tests.downstream.test_check_font_agreements.CheckFontAgreements.test_menu_file_exists(): FAIL
bakery_lint.tests.downstream.test_check_magic_prep_code.CheckMagicPREPByteCode.test_prep_magic_code(): FAIL
bakery_lint.tests.downstream.test_check_unencoded_glyph.TestFontUnencodedGlyph.test_font_unencoded_glyphs(): FAIL
$ fontbakery-fix-glyph-private-encoding.py --autofix /home/travis/build/fontdirectory/ruda/builds/build/Ruda-Black.ttf
$ mv /home/travis/build/fontdirectory/ruda/builds/build/Ruda-Black.ttf.fix /home/travis/build/fontdirectory/ruda/builds/build/Ruda-Black.ttf
bakery_lint.tests.downstream.test_check_unencoded_glyph.TestFontUnencodedGlyph.test_font_unencoded_glyphs(): FAIL
bakery_lint.tests.downstream.test_check_glyph_existence.CheckGlyphExistence.test_euro(): OK
bakery_lint.tests.downstream.test_check_glyph_existence.CheckGlyphExistence.test_nbsp(): OK
bakery_lint.tests.downstream.test_check_glyph_existence.CheckGlyphExistence.test_space(): OK
bakery_lint.tests.downstream.test_check_vertical_metrics.CheckVerticalLinegapMetrics.test_metrics_linegaps_are_zero(): OK
bakery_lint.tests.downstream.test_check_vertical_metrics.CheckVerticalAscentMetrics.test_metrics_ascents_equal_bbox(): OK
bakery_lint.tests.downstream.test_check_vertical_metrics.CheckVerticalDescentMetrics.test_metrics_descents_equal_bbox(): OK
bakery_lint.tests.downstream.test_names_are_ascii_only.CheckNamesAreASCIIOnly.test_check_names_are_ascii_only(): OK
bakery_lint.tests.downstream.test_check_glyf_table_length.CheckGlyfTableLength.test_check_glyf_table_length(): FAIL
bakery_lint.tests.downstream.test_check_os2_width_class.CheckOS2WidthClass.test_check_os2_width_class(): OK
bakery_lint.tests.downstream.test_check_no_problematic_formats.CheckNoProblematicFormats.test_check_no_problematic_formats(): OK
bakery_lint.tests.downstream.test_check_fontname_matches_macstyle.CheckFontNameEqualToMacStyleFlags.test_fontname_is_equal_to_macstyle(): FAIL
bakery_lint.tests.downstream.test_gpos_table_has_kerning_info.CheckGposTableHasKerningInfo.test_gpos_table_has_kerning_info(): OK
The following table(s) in the font have been ignored by FontForge
  Ignoring 'DSIG' digital signature table
bakery_lint.tests.downstream.test_fontforge_validation_state.FontForgeValidateStateTest.test_allowed_numbers_paths_in_composite_glyphs(): OK
bakery_lint.tests.downstream.test_fontforge_validation_state.FontForgeValidateStateTest.test_allowed_numbers_paths_in_glyphs(): OK
bakery_lint.tests.downstream.test_fontforge_validation_state.FontForgeValidateStateTest.test_allowed_numbers_points_in_composite_glyphs(): OK
bakery_lint.tests.downstream.test_fontforge_validation_state.FontForgeValidateStateTest.test_allowed_numbers_points_in_glyphs(): OK
bakery_lint.tests.downstream.test_fontforge_validation_state.FontForgeValidateStateTest.test_duplicate_glyphs(): OK
bakery_lint.tests.downstream.test_fontforge_validation_state.FontForgeValidateStateTest.test_duplicate_unicode_codepoints(): OK
bakery_lint.tests.downstream.test_fontforge_validation_state.FontForgeValidateStateTest.test_flipped_reference_in_glyphs(): OK
bakery_lint.tests.downstream.test_fontforge_validation_state.FontForgeValidateStateTest.test_missing_anchors(): OK
bakery_lint.tests.downstream.test_fontforge_validation_state.FontForgeValidateStateTest.test_missing_extrema_in_glyphs(): FAIL
bakery_lint.tests.downstream.test_fontforge_validation_state.FontForgeValidateStateTest.test_overlapped_hints(): OK
bakery_lint.tests.downstream.test_fontforge_validation_state.FontForgeValidateStateTest.test_points_are_integer_aligned(): OK
bakery_lint.tests.downstream.test_fontforge_validation_state.FontForgeValidateStateTest.test_points_are_not_too_far_apart(): OK
bakery_lint.tests.downstream.test_fontforge_validation_state.FontForgeValidateStateTest.test_postscript_hasnt_limit_hints_in_glyphs(): OK
bakery_lint.tests.downstream.test_fontforge_validation_state.FontForgeValidateStateTest.test_postscript_hasnt_limit_points_in_glyphs(): OK
bakery_lint.tests.downstream.test_fontforge_validation_state.FontForgeValidateStateTest.test_referenced_glyphs_are_present(): OK
bakery_lint.tests.downstream.test_fontforge_validation_state.FontForgeValidateStateTest.test_valid_glyph_names(): OK
bakery_lint.tests.downstream.test_fontforge_validation_state.FontForgeValidateStateTest.test_valid_length_instructions(): OK
bakery_lint.tests.downstream.test_fontforge_validation_state.FontForgeValidateStateTest.test_validation_glyph_intersect(): OK
bakery_lint.tests.downstream.test_fontforge_validation_state.FontForgeValidateStateTest.test_validation_open_contours(): OK
bakery_lint.tests.downstream.test_fontforge_validation_state.FontForgeValidateStateTest.test_wrong_direction_in_glyphs(): OK
### Optimize TTF Ruda-Black.ttf
$ ls -l 'Ruda-Black.ttf'* # look at the size savings of that subset process
Ruda-Black.ttf.opt: 22832 bytes
Ruda-Black.ttf: 24988 bytes
$ mv /home/travis/build/fontdirectory/ruda/builds/build/Ruda-Black.ttf.opt /home/travis/build/fontdirectory/ruda/builds/build/Ruda-Black.ttf
### Autohint TTFs (ttfautohint) Ruda-Black.ttf
$ ttfautohint -l 7 -r 28 -G 50 -x 13 -w "G" /home/travis/build/fontdirectory/ruda/builds/build/Ruda-Black.ttf '/home/travis/build/fontdirectory/ruda/builds/build/Ruda-Black.autohint.ttf'

$ ls -l /home/travis/build/fontdirectory/ruda/builds/build/Ruda-Black.*ttf # look at the size savings of that subset process
/home/travis/build/fontdirectory/ruda/builds/build/Ruda-Black.ttf: 22832 bytes
/home/travis/build/fontdirectory/ruda/builds/build/Ruda-Black.autohint.ttf: 39884 bytes
$ mv /home/travis/build/fontdirectory/ruda/builds/build/Ruda-Black.autohint.ttf /home/travis/build/fontdirectory/ruda/builds/build/Ruda-Black.ttf
### Subset TTFs (pyftsubset) Ruda-Black.ttf
$ pyftsubset Ruda-Black.latin
$ pyftsubset Ruda-Black.menu
No nbsp glyph
spaceWidth is    240
nbspWidth is     0
Ruda-Black.ttf.fix made with spaceWidth and nbspWidth of 240
strippedname:/home/travis/build/fontdirectory/ruda/builds/build/Ruda-Black.ttf
$ fontbakery-build-font2ttf.py sources/Ruda-Regular.otf Ruda-Regular.ttf
Success: Generated OpenType-TTF (/home/travis/build/fontdirectory/ruda/builds/build/Ruda-Regular.ttf)
strippedname:/home/travis/build/fontdirectory/ruda/builds/build/Ruda-Regular.otf
### Test Ruda-Regular.ttf
$ fontbakery-check.py result Ruda-Regular.ttf
bakery_lint.tests.downstream.test_check_italic_angle_agreement.CheckItalicAngleAgreement.test_check_italic_angle_agreement(): OK
bakery_lint.tests.downstream.test_check_upm_heights_less_120.TestCheckUPMHeightsLess120.test_check_upm_heigths_less_120(): FAIL
bakery_lint.tests.downstream.test_check_font_tables.CheckFontHasDsigTable.test_check_font_has_dsig_table(): OK
bakery_lint.tests.downstream.test_check_font_tables.CheckFontHasNotKernTable.test_no_kern_table_exists(): OK
bakery_lint.tests.downstream.test_check_name_table_recommendation.CheckStyleNameRecommendation.test_check_stylename_is_under_recommendations(): OK
bakery_lint.tests.downstream.test_check_name_table_recommendation.CheckOTFamilyNameRecommendation.test_check_opentype_familyname(): FAIL
$ fontbakery-fix-opentype-names.py /home/travis/build/fontdirectory/ruda/builds/build/Ruda-Regular.ttf
$ mv /home/travis/build/fontdirectory/ruda/builds/build/Ruda-Regular.ttf.fix /home/travis/build/fontdirectory/ruda/builds/build/Ruda-Regular.ttf
bakery_lint.tests.downstream.test_check_name_table_recommendation.CheckOTFamilyNameRecommendation.test_check_opentype_familyname(): OK
bakery_lint.tests.downstream.test_check_name_table_recommendation.CheckOTStyleNameRecommendation.test_check_opentype_stylename(): OK
bakery_lint.tests.downstream.test_check_name_table_recommendation.CheckOTFullNameRecommendation.test_check_opentype_fullname(): OK
bakery_lint.tests.downstream.test_check_nbsp_width_matches_sp_width.CheckNbspWidthMatchesSpWidth.test_check_nbsp_width_matches_sp_width(): FAIL
$ fontbakery-fix-nbsp.py /home/travis/build/fontdirectory/ruda/builds/build/Ruda-Regular.ttf
$ mv /home/travis/build/fontdirectory/ruda/builds/build/Ruda-Regular.ttf.fix /home/travis/build/fontdirectory/ruda/builds/build/Ruda-Regular.ttf
bakery_lint.tests.downstream.test_check_nbsp_width_matches_sp_width.CheckNbspWidthMatchesSpWidth.test_check_nbsp_width_matches_sp_width(): FAIL
bakery_lint.tests.downstream.test_check_names_same_across_platforms.CheckNamesSameAcrossPlatforms.test_check_names_same_across_platforms(): OK
bakery_lint.tests.downstream.test_check_panose_identification.CheckPanoseIdentification.test_check_panose_identification(): OK
bakery_lint.tests.downstream.test_check_license_included.CheckLicenseIncluded.test_license_included_in_font_names(): OK
bakery_lint.tests.downstream.test_check_full_font_name_begins_with_family_name.CheckFullFontNameBeginsWithFamilyName.test_check_full_font_name_begins_with_family_name(): OK
bakery_lint.tests.downstream.test_check_unused_glyph_data.CheckUnusedGlyphData.test_check_unused_glyph_data(): ERROR
bakery_lint.tests.downstream.test_gasp_table_value.CheckGaspTableType.test_check_gasp_table_type(): FAIL
$ fontbakery-fix-gasp.py --set=15 /home/travis/build/fontdirectory/ruda/builds/build/Ruda-Regular.ttf
$ mv /home/travis/build/fontdirectory/ruda/builds/build/Ruda-Regular.ttf.fix /home/travis/build/fontdirectory/ruda/builds/build/Ruda-Regular.ttf
bakery_lint.tests.downstream.test_gasp_table_value.CheckGaspTableType.test_check_gasp_table_type(): OK
$ fontbakery-fix-gasp.py --set=15 /home/travis/build/fontdirectory/ruda/builds/build/Ruda-Regular.ttf
$ mv /home/travis/build/fontdirectory/ruda/builds/build/Ruda-Regular.ttf.fix /home/travis/build/fontdirectory/ruda/builds/build/Ruda-Regular.ttf
bakery_lint.tests.downstream.test_check_hmtx_hhea_max_advance_width_agreement.CheckHmtxHheaMaxAdvanceWidthAgreement.test_check_hmtx_hhea_max_advance_width_agreement(): OK
bakery_lint.tests.downstream.test_check_font_agreements.CheckFsTypeIsNotSet.test_is_fstype_not_set(): OK
$ fontbakery-fix-fstype.py --autofix /home/travis/build/fontdirectory/ruda/builds/build/Ruda-Regular.ttf
$ mv /home/travis/build/fontdirectory/ruda/builds/build/Ruda-Regular.ttf.fix /home/travis/build/fontdirectory/ruda/builds/build/Ruda-Regular.ttf
bakery_lint.tests.downstream.test_check_font_agreements.CheckFontAgreements.test_em_is_1000(): OK
bakery_lint.tests.downstream.test_check_font_agreements.CheckFontAgreements.test_font_is_font(): OK
bakery_lint.tests.downstream.test_check_font_agreements.CheckFontAgreements.test_latin_file_exists(): FAIL
bakery_lint.tests.downstream.test_check_font_agreements.CheckFontAgreements.test_menu_file_exists(): FAIL
bakery_lint.tests.downstream.test_check_magic_prep_code.CheckMagicPREPByteCode.test_prep_magic_code(): FAIL
bakery_lint.tests.downstream.test_check_unencoded_glyph.TestFontUnencodedGlyph.test_font_unencoded_glyphs(): FAIL
$ fontbakery-fix-glyph-private-encoding.py --autofix /home/travis/build/fontdirectory/ruda/builds/build/Ruda-Regular.ttf
$ mv /home/travis/build/fontdirectory/ruda/builds/build/Ruda-Regular.ttf.fix /home/travis/build/fontdirectory/ruda/builds/build/Ruda-Regular.ttf
bakery_lint.tests.downstream.test_check_unencoded_glyph.TestFontUnencodedGlyph.test_font_unencoded_glyphs(): FAIL
bakery_lint.tests.downstream.test_check_glyph_existence.CheckGlyphExistence.test_euro(): OK
bakery_lint.tests.downstream.test_check_glyph_existence.CheckGlyphExistence.test_nbsp(): OK
bakery_lint.tests.downstream.test_check_glyph_existence.CheckGlyphExistence.test_space(): OK
bakery_lint.tests.downstream.test_check_vertical_metrics.CheckVerticalLinegapMetrics.test_metrics_linegaps_are_zero(): OK
bakery_lint.tests.downstream.test_check_vertical_metrics.CheckVerticalAscentMetrics.test_metrics_ascents_equal_bbox(): OK
bakery_lint.tests.downstream.test_check_vertical_metrics.CheckVerticalDescentMetrics.test_metrics_descents_equal_bbox(): OK
bakery_lint.tests.downstream.test_names_are_ascii_only.CheckNamesAreASCIIOnly.test_check_names_are_ascii_only(): OK
bakery_lint.tests.downstream.test_check_glyf_table_length.CheckGlyfTableLength.test_check_glyf_table_length(): FAIL
bakery_lint.tests.downstream.test_check_os2_width_class.CheckOS2WidthClass.test_check_os2_width_class(): OK
bakery_lint.tests.downstream.test_check_no_problematic_formats.CheckNoProblematicFormats.test_check_no_problematic_formats(): OK
bakery_lint.tests.downstream.test_check_fontname_matches_macstyle.CheckFontNameEqualToMacStyleFlags.test_fontname_is_equal_to_macstyle(): FAIL
bakery_lint.tests.downstream.test_gpos_table_has_kerning_info.CheckGposTableHasKerningInfo.test_gpos_table_has_kerning_info(): OK
The following table(s) in the font have been ignored by FontForge
  Ignoring 'DSIG' digital signature table
bakery_lint.tests.downstream.test_fontforge_validation_state.FontForgeValidateStateTest.test_allowed_numbers_paths_in_composite_glyphs(): OK
bakery_lint.tests.downstream.test_fontforge_validation_state.FontForgeValidateStateTest.test_allowed_numbers_paths_in_glyphs(): OK
bakery_lint.tests.downstream.test_fontforge_validation_state.FontForgeValidateStateTest.test_allowed_numbers_points_in_composite_glyphs(): OK
bakery_lint.tests.downstream.test_fontforge_validation_state.FontForgeValidateStateTest.test_allowed_numbers_points_in_glyphs(): OK
bakery_lint.tests.downstream.test_fontforge_validation_state.FontForgeValidateStateTest.test_duplicate_glyphs(): OK
bakery_lint.tests.downstream.test_fontforge_validation_state.FontForgeValidateStateTest.test_duplicate_unicode_codepoints(): OK
bakery_lint.tests.downstream.test_fontforge_validation_state.FontForgeValidateStateTest.test_flipped_reference_in_glyphs(): OK
bakery_lint.tests.downstream.test_fontforge_validation_state.FontForgeValidateStateTest.test_missing_anchors(): OK
bakery_lint.tests.downstream.test_fontforge_validation_state.FontForgeValidateStateTest.test_missing_extrema_in_glyphs(): OK
bakery_lint.tests.downstream.test_fontforge_validation_state.FontForgeValidateStateTest.test_overlapped_hints(): OK
bakery_lint.tests.downstream.test_fontforge_validation_state.FontForgeValidateStateTest.test_points_are_integer_aligned(): OK
bakery_lint.tests.downstream.test_fontforge_validation_state.FontForgeValidateStateTest.test_points_are_not_too_far_apart(): OK
bakery_lint.tests.downstream.test_fontforge_validation_state.FontForgeValidateStateTest.test_postscript_hasnt_limit_hints_in_glyphs(): OK
bakery_lint.tests.downstream.test_fontforge_validation_state.FontForgeValidateStateTest.test_postscript_hasnt_limit_points_in_glyphs(): OK
bakery_lint.tests.downstream.test_fontforge_validation_state.FontForgeValidateStateTest.test_referenced_glyphs_are_present(): OK
bakery_lint.tests.downstream.test_fontforge_validation_state.FontForgeValidateStateTest.test_valid_glyph_names(): OK
bakery_lint.tests.downstream.test_fontforge_validation_state.FontForgeValidateStateTest.test_valid_length_instructions(): OK
bakery_lint.tests.downstream.test_fontforge_validation_state.FontForgeValidateStateTest.test_validation_glyph_intersect(): OK
bakery_lint.tests.downstream.test_fontforge_validation_state.FontForgeValidateStateTest.test_validation_open_contours(): OK
bakery_lint.tests.downstream.test_fontforge_validation_state.FontForgeValidateStateTest.test_wrong_direction_in_glyphs(): OK
### Optimize TTF Ruda-Regular.ttf
$ ls -l 'Ruda-Regular.ttf'* # look at the size savings of that subset process
Ruda-Regular.ttf.opt: 22988 bytes
Ruda-Regular.ttf: 25140 bytes
$ mv /home/travis/build/fontdirectory/ruda/builds/build/Ruda-Regular.ttf.opt /home/travis/build/fontdirectory/ruda/builds/build/Ruda-Regular.ttf
### Autohint TTFs (ttfautohint) Ruda-Regular.ttf
$ ttfautohint -l 7 -r 28 -G 50 -x 13 -w "G" /home/travis/build/fontdirectory/ruda/builds/build/Ruda-Regular.ttf '/home/travis/build/fontdirectory/ruda/builds/build/Ruda-Regular.autohint.ttf'

$ ls -l /home/travis/build/fontdirectory/ruda/builds/build/Ruda-Regular.*ttf # look at the size savings of that subset process
/home/travis/build/fontdirectory/ruda/builds/build/Ruda-Regular.ttf: 22988 bytes
/home/travis/build/fontdirectory/ruda/builds/build/Ruda-Regular.autohint.ttf: 40776 bytes
$ mv /home/travis/build/fontdirectory/ruda/builds/build/Ruda-Regular.autohint.ttf /home/travis/build/fontdirectory/ruda/builds/build/Ruda-Regular.ttf
### Subset TTFs (pyftsubset) Ruda-Regular.ttf
$ pyftsubset Ruda-Regular.latin
$ pyftsubset Ruda-Regular.menu
No nbsp glyph
spaceWidth is    225
nbspWidth is     0
Ruda-Regular.ttf.fix made with spaceWidth and nbspWidth of 225
strippedname:/home/travis/build/fontdirectory/ruda/builds/build/Ruda-Regular.ttf
### Test Ruda-Bold.ttf
$ fontbakery-check.py result Ruda-Bold.ttf
bakery_lint.tests.downstream.test_check_italic_angle_agreement.CheckItalicAngleAgreement.test_check_italic_angle_agreement(): OK
bakery_lint.tests.downstream.test_check_upm_heights_less_120.TestCheckUPMHeightsLess120.test_check_upm_heigths_less_120(): FAIL
bakery_lint.tests.downstream.test_check_font_tables.CheckFontHasDsigTable.test_check_font_has_dsig_table(): OK
bakery_lint.tests.downstream.test_check_font_tables.CheckFontHasNotKernTable.test_no_kern_table_exists(): OK
bakery_lint.tests.downstream.test_check_name_table_recommendation.CheckStyleNameRecommendation.test_check_stylename_is_under_recommendations(): OK
bakery_lint.tests.downstream.test_check_name_table_recommendation.CheckOTFamilyNameRecommendation.test_check_opentype_familyname(): FAIL
$ fontbakery-fix-opentype-names.py /home/travis/build/fontdirectory/ruda/builds/build/Ruda-Bold.ttf
$ mv /home/travis/build/fontdirectory/ruda/builds/build/Ruda-Bold.ttf.fix /home/travis/build/fontdirectory/ruda/builds/build/Ruda-Bold.ttf
bakery_lint.tests.downstream.test_check_name_table_recommendation.CheckOTFamilyNameRecommendation.test_check_opentype_familyname(): OK
bakery_lint.tests.downstream.test_check_name_table_recommendation.CheckOTStyleNameRecommendation.test_check_opentype_stylename(): OK
bakery_lint.tests.downstream.test_check_name_table_recommendation.CheckOTFullNameRecommendation.test_check_opentype_fullname(): OK
bakery_lint.tests.downstream.test_check_nbsp_width_matches_sp_width.CheckNbspWidthMatchesSpWidth.test_check_nbsp_width_matches_sp_width(): FAIL
$ fontbakery-fix-nbsp.py /home/travis/build/fontdirectory/ruda/builds/build/Ruda-Bold.ttf
$ mv /home/travis/build/fontdirectory/ruda/builds/build/Ruda-Bold.ttf.fix /home/travis/build/fontdirectory/ruda/builds/build/Ruda-Bold.ttf
bakery_lint.tests.downstream.test_check_nbsp_width_matches_sp_width.CheckNbspWidthMatchesSpWidth.test_check_nbsp_width_matches_sp_width(): FAIL
bakery_lint.tests.downstream.test_check_names_same_across_platforms.CheckNamesSameAcrossPlatforms.test_check_names_same_across_platforms(): OK
bakery_lint.tests.downstream.test_check_panose_identification.CheckPanoseIdentification.test_check_panose_identification(): OK
bakery_lint.tests.downstream.test_check_license_included.CheckLicenseIncluded.test_license_included_in_font_names(): OK
bakery_lint.tests.downstream.test_check_full_font_name_begins_with_family_name.CheckFullFontNameBeginsWithFamilyName.test_check_full_font_name_begins_with_family_name(): OK
bakery_lint.tests.downstream.test_check_unused_glyph_data.CheckUnusedGlyphData.test_check_unused_glyph_data(): ERROR
bakery_lint.tests.downstream.test_gasp_table_value.CheckGaspTableType.test_check_gasp_table_type(): OK
$ fontbakery-fix-gasp.py --set=15 /home/travis/build/fontdirectory/ruda/builds/build/Ruda-Bold.ttf
$ mv /home/travis/build/fontdirectory/ruda/builds/build/Ruda-Bold.ttf.fix /home/travis/build/fontdirectory/ruda/builds/build/Ruda-Bold.ttf
bakery_lint.tests.downstream.test_check_hmtx_hhea_max_advance_width_agreement.CheckHmtxHheaMaxAdvanceWidthAgreement.test_check_hmtx_hhea_max_advance_width_agreement(): OK
bakery_lint.tests.downstream.test_check_font_agreements.CheckFsTypeIsNotSet.test_is_fstype_not_set(): OK
$ fontbakery-fix-fstype.py --autofix /home/travis/build/fontdirectory/ruda/builds/build/Ruda-Bold.ttf
$ mv /home/travis/build/fontdirectory/ruda/builds/build/Ruda-Bold.ttf.fix /home/travis/build/fontdirectory/ruda/builds/build/Ruda-Bold.ttf
bakery_lint.tests.downstream.test_check_font_agreements.CheckFontAgreements.test_em_is_1000(): OK
bakery_lint.tests.downstream.test_check_font_agreements.CheckFontAgreements.test_font_is_font(): OK
bakery_lint.tests.downstream.test_check_font_agreements.CheckFontAgreements.test_latin_file_exists(): FAIL
bakery_lint.tests.downstream.test_check_font_agreements.CheckFontAgreements.test_menu_file_exists(): FAIL
bakery_lint.tests.downstream.test_check_magic_prep_code.CheckMagicPREPByteCode.test_prep_magic_code(): OK
bakery_lint.tests.downstream.test_check_unencoded_glyph.TestFontUnencodedGlyph.test_font_unencoded_glyphs(): FAIL
$ fontbakery-fix-glyph-private-encoding.py --autofix /home/travis/build/fontdirectory/ruda/builds/build/Ruda-Bold.ttf
$ mv /home/travis/build/fontdirectory/ruda/builds/build/Ruda-Bold.ttf.fix /home/travis/build/fontdirectory/ruda/builds/build/Ruda-Bold.ttf
bakery_lint.tests.downstream.test_check_unencoded_glyph.TestFontUnencodedGlyph.test_font_unencoded_glyphs(): FAIL
bakery_lint.tests.downstream.test_check_glyph_existence.CheckGlyphExistence.test_euro(): OK
bakery_lint.tests.downstream.test_check_glyph_existence.CheckGlyphExistence.test_nbsp(): OK
bakery_lint.tests.downstream.test_check_glyph_existence.CheckGlyphExistence.test_space(): OK
bakery_lint.tests.downstream.test_check_vertical_metrics.CheckVerticalLinegapMetrics.test_metrics_linegaps_are_zero(): OK
bakery_lint.tests.downstream.test_check_vertical_metrics.CheckVerticalAscentMetrics.test_metrics_ascents_equal_bbox(): OK
bakery_lint.tests.downstream.test_check_vertical_metrics.CheckVerticalDescentMetrics.test_metrics_descents_equal_bbox(): OK
bakery_lint.tests.downstream.test_names_are_ascii_only.CheckNamesAreASCIIOnly.test_check_names_are_ascii_only(): OK
bakery_lint.tests.downstream.test_check_glyf_table_length.CheckGlyfTableLength.test_check_glyf_table_length(): FAIL
bakery_lint.tests.downstream.test_check_os2_width_class.CheckOS2WidthClass.test_check_os2_width_class(): OK
bakery_lint.tests.downstream.test_check_no_problematic_formats.CheckNoProblematicFormats.test_check_no_problematic_formats(): OK
bakery_lint.tests.downstream.test_check_fontname_matches_macstyle.CheckFontNameEqualToMacStyleFlags.test_fontname_is_equal_to_macstyle(): FAIL
bakery_lint.tests.downstream.test_gpos_table_has_kerning_info.CheckGposTableHasKerningInfo.test_gpos_table_has_kerning_info(): OK
The following table(s) in the font have been ignored by FontForge
  Ignoring 'DSIG' digital signature table
bakery_lint.tests.downstream.test_fontforge_validation_state.FontForgeValidateStateTest.test_allowed_numbers_paths_in_composite_glyphs(): OK
bakery_lint.tests.downstream.test_fontforge_validation_state.FontForgeValidateStateTest.test_allowed_numbers_paths_in_glyphs(): OK
bakery_lint.tests.downstream.test_fontforge_validation_state.FontForgeValidateStateTest.test_allowed_numbers_points_in_composite_glyphs(): OK
bakery_lint.tests.downstream.test_fontforge_validation_state.FontForgeValidateStateTest.test_allowed_numbers_points_in_glyphs(): OK
bakery_lint.tests.downstream.test_fontforge_validation_state.FontForgeValidateStateTest.test_duplicate_glyphs(): OK
bakery_lint.tests.downstream.test_fontforge_validation_state.FontForgeValidateStateTest.test_duplicate_unicode_codepoints(): OK
bakery_lint.tests.downstream.test_fontforge_validation_state.FontForgeValidateStateTest.test_flipped_reference_in_glyphs(): OK
bakery_lint.tests.downstream.test_fontforge_validation_state.FontForgeValidateStateTest.test_missing_anchors(): OK
bakery_lint.tests.downstream.test_fontforge_validation_state.FontForgeValidateStateTest.test_missing_extrema_in_glyphs(): FAIL
bakery_lint.tests.downstream.test_fontforge_validation_state.FontForgeValidateStateTest.test_overlapped_hints(): OK
bakery_lint.tests.downstream.test_fontforge_validation_state.FontForgeValidateStateTest.test_points_are_integer_aligned(): OK
bakery_lint.tests.downstream.test_fontforge_validation_state.FontForgeValidateStateTest.test_points_are_not_too_far_apart(): OK
bakery_lint.tests.downstream.test_fontforge_validation_state.FontForgeValidateStateTest.test_postscript_hasnt_limit_hints_in_glyphs(): OK
bakery_lint.tests.downstream.test_fontforge_validation_state.FontForgeValidateStateTest.test_postscript_hasnt_limit_points_in_glyphs(): OK
bakery_lint.tests.downstream.test_fontforge_validation_state.FontForgeValidateStateTest.test_referenced_glyphs_are_present(): OK
bakery_lint.tests.downstream.test_fontforge_validation_state.FontForgeValidateStateTest.test_valid_glyph_names(): OK
bakery_lint.tests.downstream.test_fontforge_validation_state.FontForgeValidateStateTest.test_valid_length_instructions(): OK
bakery_lint.tests.downstream.test_fontforge_validation_state.FontForgeValidateStateTest.test_validation_glyph_intersect(): FAIL
bakery_lint.tests.downstream.test_fontforge_validation_state.FontForgeValidateStateTest.test_validation_open_contours(): OK
bakery_lint.tests.downstream.test_fontforge_validation_state.FontForgeValidateStateTest.test_wrong_direction_in_glyphs(): OK
### Optimize TTF Ruda-Bold.ttf
$ ls -l 'Ruda-Bold.ttf'* # look at the size savings of that subset process
Ruda-Bold.ttf.opt: 22884 bytes
Ruda-Bold.ttf: 24776 bytes
$ mv /home/travis/build/fontdirectory/ruda/builds/build/Ruda-Bold.ttf.opt /home/travis/build/fontdirectory/ruda/builds/build/Ruda-Bold.ttf
### Autohint TTFs (ttfautohint) Ruda-Bold.ttf
$ ttfautohint -l 7 -r 28 -G 50 -x 13 -w "G" /home/travis/build/fontdirectory/ruda/builds/build/Ruda-Bold.ttf '/home/travis/build/fontdirectory/ruda/builds/build/Ruda-Bold.autohint.ttf'

$ ls -l /home/travis/build/fontdirectory/ruda/builds/build/Ruda-Bold.*ttf # look at the size savings of that subset process
/home/travis/build/fontdirectory/ruda/builds/build/Ruda-Bold.ttf: 22884 bytes
/home/travis/build/fontdirectory/ruda/builds/build/Ruda-Bold.autohint.ttf: 41268 bytes
$ mv /home/travis/build/fontdirectory/ruda/builds/build/Ruda-Bold.autohint.ttf /home/travis/build/fontdirectory/ruda/builds/build/Ruda-Bold.ttf
### Subset TTFs (pyftsubset) Ruda-Bold.ttf
$ pyftsubset Ruda-Bold.latin
$ pyftsubset Ruda-Bold.menu
No nbsp glyph
spaceWidth is    235
nbspWidth is     0
Ruda-Bold.ttf.fix made with spaceWidth and nbspWidth of 235
strippedname:/home/travis/build/fontdirectory/ruda/builds/build/Ruda-Bold.ttf
$ fontbakery-build-font2ttf.py sources/Ruda-Black-TTF.sfd Ruda-Black-TTF.ttf
Success: Generated OpenType-TTF (/home/travis/build/fontdirectory/ruda/builds/build/Ruda-Black-TTF.ttf)
### Test Ruda-Black-TTF.ttf
$ fontbakery-check.py result Ruda-Black-TTF.ttf
bakery_lint.tests.downstream.test_check_italic_angle_agreement.CheckItalicAngleAgreement.test_check_italic_angle_agreement(): OK
bakery_lint.tests.downstream.test_check_upm_heights_less_120.TestCheckUPMHeightsLess120.test_check_upm_heigths_less_120(): FAIL
bakery_lint.tests.downstream.test_check_font_tables.CheckFontHasDsigTable.test_check_font_has_dsig_table(): OK
bakery_lint.tests.downstream.test_check_font_tables.CheckFontHasNotKernTable.test_no_kern_table_exists(): OK
bakery_lint.tests.downstream.test_check_name_table_recommendation.CheckStyleNameRecommendation.test_check_stylename_is_under_recommendations(): FAIL
$ fontbakery-fix-opentype-names.py /home/travis/build/fontdirectory/ruda/builds/build/Ruda-Black-TTF.ttf
$ mv /home/travis/build/fontdirectory/ruda/builds/build/Ruda-Black-TTF.ttf.fix /home/travis/build/fontdirectory/ruda/builds/build/Ruda-Black-TTF.ttf
bakery_lint.tests.downstream.test_check_name_table_recommendation.CheckStyleNameRecommendation.test_check_stylename_is_under_recommendations(): FAIL
bakery_lint.tests.downstream.test_check_name_table_recommendation.CheckOTFamilyNameRecommendation.test_check_opentype_familyname(): OK
bakery_lint.tests.downstream.test_check_name_table_recommendation.CheckOTStyleNameRecommendation.test_check_opentype_stylename(): FAIL
$ fontbakery-fix-opentype-names.py /home/travis/build/fontdirectory/ruda/builds/build/Ruda-Black-TTF.ttf
$ mv /home/travis/build/fontdirectory/ruda/builds/build/Ruda-Black-TTF.ttf.fix /home/travis/build/fontdirectory/ruda/builds/build/Ruda-Black-TTF.ttf
bakery_lint.tests.downstream.test_check_name_table_recommendation.CheckOTStyleNameRecommendation.test_check_opentype_stylename(): FAIL
bakery_lint.tests.downstream.test_check_name_table_recommendation.CheckOTFullNameRecommendation.test_check_opentype_fullname(): OK
bakery_lint.tests.downstream.test_check_nbsp_width_matches_sp_width.CheckNbspWidthMatchesSpWidth.test_check_nbsp_width_matches_sp_width(): FAIL
$ fontbakery-fix-nbsp.py /home/travis/build/fontdirectory/ruda/builds/build/Ruda-Black-TTF.ttf
$ mv /home/travis/build/fontdirectory/ruda/builds/build/Ruda-Black-TTF.ttf.fix /home/travis/build/fontdirectory/ruda/builds/build/Ruda-Black-TTF.ttf
bakery_lint.tests.downstream.test_check_nbsp_width_matches_sp_width.CheckNbspWidthMatchesSpWidth.test_check_nbsp_width_matches_sp_width(): FAIL
bakery_lint.tests.downstream.test_check_names_same_across_platforms.CheckNamesSameAcrossPlatforms.test_check_names_same_across_platforms(): OK
bakery_lint.tests.downstream.test_check_panose_identification.CheckPanoseIdentification.test_check_panose_identification(): OK
bakery_lint.tests.downstream.test_check_license_included.CheckLicenseIncluded.test_license_included_in_font_names(): OK
bakery_lint.tests.downstream.test_check_full_font_name_begins_with_family_name.CheckFullFontNameBeginsWithFamilyName.test_check_full_font_name_begins_with_family_name(): OK
bakery_lint.tests.downstream.test_check_unused_glyph_data.CheckUnusedGlyphData.test_check_unused_glyph_data(): ERROR
bakery_lint.tests.downstream.test_gasp_table_value.CheckGaspTableType.test_check_gasp_table_type(): OK
$ fontbakery-fix-gasp.py --set=15 /home/travis/build/fontdirectory/ruda/builds/build/Ruda-Black-TTF.ttf
$ mv /home/travis/build/fontdirectory/ruda/builds/build/Ruda-Black-TTF.ttf.fix /home/travis/build/fontdirectory/ruda/builds/build/Ruda-Black-TTF.ttf
bakery_lint.tests.downstream.test_check_hmtx_hhea_max_advance_width_agreement.CheckHmtxHheaMaxAdvanceWidthAgreement.test_check_hmtx_hhea_max_advance_width_agreement(): OK
bakery_lint.tests.downstream.test_check_font_agreements.CheckFsTypeIsNotSet.test_is_fstype_not_set(): OK
$ fontbakery-fix-fstype.py --autofix /home/travis/build/fontdirectory/ruda/builds/build/Ruda-Black-TTF.ttf
$ mv /home/travis/build/fontdirectory/ruda/builds/build/Ruda-Black-TTF.ttf.fix /home/travis/build/fontdirectory/ruda/builds/build/Ruda-Black-TTF.ttf
bakery_lint.tests.downstream.test_check_font_agreements.CheckFontAgreements.test_em_is_1000(): OK
bakery_lint.tests.downstream.test_check_font_agreements.CheckFontAgreements.test_font_is_font(): OK
bakery_lint.tests.downstream.test_check_font_agreements.CheckFontAgreements.test_latin_file_exists(): FAIL
bakery_lint.tests.downstream.test_check_font_agreements.CheckFontAgreements.test_menu_file_exists(): FAIL
bakery_lint.tests.downstream.test_check_magic_prep_code.CheckMagicPREPByteCode.test_prep_magic_code(): OK
bakery_lint.tests.downstream.test_check_unencoded_glyph.TestFontUnencodedGlyph.test_font_unencoded_glyphs(): FAIL
$ fontbakery-fix-glyph-private-encoding.py --autofix /home/travis/build/fontdirectory/ruda/builds/build/Ruda-Black-TTF.ttf
$ mv /home/travis/build/fontdirectory/ruda/builds/build/Ruda-Black-TTF.ttf.fix /home/travis/build/fontdirectory/ruda/builds/build/Ruda-Black-TTF.ttf
bakery_lint.tests.downstream.test_check_unencoded_glyph.TestFontUnencodedGlyph.test_font_unencoded_glyphs(): FAIL
bakery_lint.tests.downstream.test_check_glyph_existence.CheckGlyphExistence.test_euro(): OK
bakery_lint.tests.downstream.test_check_glyph_existence.CheckGlyphExistence.test_nbsp(): OK
bakery_lint.tests.downstream.test_check_glyph_existence.CheckGlyphExistence.test_space(): OK
bakery_lint.tests.downstream.test_check_vertical_metrics.CheckVerticalLinegapMetrics.test_metrics_linegaps_are_zero(): OK
bakery_lint.tests.downstream.test_check_vertical_metrics.CheckVerticalAscentMetrics.test_metrics_ascents_equal_bbox(): OK
bakery_lint.tests.downstream.test_check_vertical_metrics.CheckVerticalDescentMetrics.test_metrics_descents_equal_bbox(): OK
bakery_lint.tests.downstream.test_names_are_ascii_only.CheckNamesAreASCIIOnly.test_check_names_are_ascii_only(): OK
bakery_lint.tests.downstream.test_check_glyf_table_length.CheckGlyfTableLength.test_check_glyf_table_length(): FAIL
bakery_lint.tests.downstream.test_check_os2_width_class.CheckOS2WidthClass.test_check_os2_width_class(): OK
bakery_lint.tests.downstream.test_check_no_problematic_formats.CheckNoProblematicFormats.test_check_no_problematic_formats(): OK
bakery_lint.tests.downstream.test_check_fontname_matches_macstyle.CheckFontNameEqualToMacStyleFlags.test_fontname_is_equal_to_macstyle(): FAIL
bakery_lint.tests.downstream.test_gpos_table_has_kerning_info.CheckGposTableHasKerningInfo.test_gpos_table_has_kerning_info(): OK
The following table(s) in the font have been ignored by FontForge
  Ignoring 'DSIG' digital signature table
bakery_lint.tests.downstream.test_fontforge_validation_state.FontForgeValidateStateTest.test_allowed_numbers_paths_in_composite_glyphs(): OK
bakery_lint.tests.downstream.test_fontforge_validation_state.FontForgeValidateStateTest.test_allowed_numbers_paths_in_glyphs(): OK
bakery_lint.tests.downstream.test_fontforge_validation_state.FontForgeValidateStateTest.test_allowed_numbers_points_in_composite_glyphs(): OK
bakery_lint.tests.downstream.test_fontforge_validation_state.FontForgeValidateStateTest.test_allowed_numbers_points_in_glyphs(): OK
bakery_lint.tests.downstream.test_fontforge_validation_state.FontForgeValidateStateTest.test_duplicate_glyphs(): OK
bakery_lint.tests.downstream.test_fontforge_validation_state.FontForgeValidateStateTest.test_duplicate_unicode_codepoints(): OK
bakery_lint.tests.downstream.test_fontforge_validation_state.FontForgeValidateStateTest.test_flipped_reference_in_glyphs(): OK
bakery_lint.tests.downstream.test_fontforge_validation_state.FontForgeValidateStateTest.test_missing_anchors(): OK
bakery_lint.tests.downstream.test_fontforge_validation_state.FontForgeValidateStateTest.test_missing_extrema_in_glyphs(): FAIL
bakery_lint.tests.downstream.test_fontforge_validation_state.FontForgeValidateStateTest.test_overlapped_hints(): OK
bakery_lint.tests.downstream.test_fontforge_validation_state.FontForgeValidateStateTest.test_points_are_integer_aligned(): OK
bakery_lint.tests.downstream.test_fontforge_validation_state.FontForgeValidateStateTest.test_points_are_not_too_far_apart(): OK
bakery_lint.tests.downstream.test_fontforge_validation_state.FontForgeValidateStateTest.test_postscript_hasnt_limit_hints_in_glyphs(): OK
bakery_lint.tests.downstream.test_fontforge_validation_state.FontForgeValidateStateTest.test_postscript_hasnt_limit_points_in_glyphs(): OK
bakery_lint.tests.downstream.test_fontforge_validation_state.FontForgeValidateStateTest.test_referenced_glyphs_are_present(): OK
bakery_lint.tests.downstream.test_fontforge_validation_state.FontForgeValidateStateTest.test_valid_glyph_names(): OK
bakery_lint.tests.downstream.test_fontforge_validation_state.FontForgeValidateStateTest.test_valid_length_instructions(): OK
bakery_lint.tests.downstream.test_fontforge_validation_state.FontForgeValidateStateTest.test_validation_glyph_intersect(): OK
bakery_lint.tests.downstream.test_fontforge_validation_state.FontForgeValidateStateTest.test_validation_open_contours(): OK
bakery_lint.tests.downstream.test_fontforge_validation_state.FontForgeValidateStateTest.test_wrong_direction_in_glyphs(): OK
### Optimize TTF Ruda-Black-TTF.ttf
$ ls -l 'Ruda-Black-TTF.ttf'* # look at the size savings of that subset process
Ruda-Black-TTF.ttf.opt: 22664 bytes
Ruda-Black-TTF.ttf: 24820 bytes
$ mv /home/travis/build/fontdirectory/ruda/builds/build/Ruda-Black-TTF.ttf.opt /home/travis/build/fontdirectory/ruda/builds/build/Ruda-Black-TTF.ttf
### Autohint TTFs (ttfautohint) Ruda-Black-TTF.ttf
$ ttfautohint -l 7 -r 28 -G 50 -x 13 -w "G" /home/travis/build/fontdirectory/ruda/builds/build/Ruda-Black-TTF.ttf '/home/travis/build/fontdirectory/ruda/builds/build/Ruda-Black-TTF.autohint.ttf'

$ ls -l /home/travis/build/fontdirectory/ruda/builds/build/Ruda-Black-TTF.*ttf # look at the size savings of that subset process
/home/travis/build/fontdirectory/ruda/builds/build/Ruda-Black-TTF.ttf: 22664 bytes
/home/travis/build/fontdirectory/ruda/builds/build/Ruda-Black-TTF.autohint.ttf: 39752 bytes
$ mv /home/travis/build/fontdirectory/ruda/builds/build/Ruda-Black-TTF.autohint.ttf /home/travis/build/fontdirectory/ruda/builds/build/Ruda-Black-TTF.ttf
### Subset TTFs (pyftsubset) Ruda-Black-TTF.ttf
$ pyftsubset Ruda-Black-TTF.latin
$ pyftsubset Ruda-Black-TTF.menu
No nbsp glyph
spaceWidth is    240
nbspWidth is     0
Ruda-Black-TTF.ttf.fix made with spaceWidth and nbspWidth of 240
strippedname:/home/travis/build/fontdirectory/ruda/builds/build/Ruda-Black-TTF.ttf
$ fontbakery-build-font2ttf.py sources/Ruda-Regular-TTF.sfd Ruda-Regular-TTF.ttf
Success: Generated OpenType-TTF (/home/travis/build/fontdirectory/ruda/builds/build/Ruda-Regular-TTF.ttf)
### Test Ruda-Regular-TTF.ttf
$ fontbakery-check.py result Ruda-Regular-TTF.ttf
bakery_lint.tests.downstream.test_check_italic_angle_agreement.CheckItalicAngleAgreement.test_check_italic_angle_agreement(): OK
bakery_lint.tests.downstream.test_check_upm_heights_less_120.TestCheckUPMHeightsLess120.test_check_upm_heigths_less_120(): FAIL
bakery_lint.tests.downstream.test_check_font_tables.CheckFontHasDsigTable.test_check_font_has_dsig_table(): OK
bakery_lint.tests.downstream.test_check_font_tables.CheckFontHasNotKernTable.test_no_kern_table_exists(): OK
bakery_lint.tests.downstream.test_check_name_table_recommendation.CheckStyleNameRecommendation.test_check_stylename_is_under_recommendations(): OK
bakery_lint.tests.downstream.test_check_name_table_recommendation.CheckOTFamilyNameRecommendation.test_check_opentype_familyname(): FAIL
$ fontbakery-fix-opentype-names.py /home/travis/build/fontdirectory/ruda/builds/build/Ruda-Regular-TTF.ttf
$ mv /home/travis/build/fontdirectory/ruda/builds/build/Ruda-Regular-TTF.ttf.fix /home/travis/build/fontdirectory/ruda/builds/build/Ruda-Regular-TTF.ttf
bakery_lint.tests.downstream.test_check_name_table_recommendation.CheckOTFamilyNameRecommendation.test_check_opentype_familyname(): OK
bakery_lint.tests.downstream.test_check_name_table_recommendation.CheckOTStyleNameRecommendation.test_check_opentype_stylename(): OK
bakery_lint.tests.downstream.test_check_name_table_recommendation.CheckOTFullNameRecommendation.test_check_opentype_fullname(): OK
bakery_lint.tests.downstream.test_check_nbsp_width_matches_sp_width.CheckNbspWidthMatchesSpWidth.test_check_nbsp_width_matches_sp_width(): FAIL
$ fontbakery-fix-nbsp.py /home/travis/build/fontdirectory/ruda/builds/build/Ruda-Regular-TTF.ttf
$ mv /home/travis/build/fontdirectory/ruda/builds/build/Ruda-Regular-TTF.ttf.fix /home/travis/build/fontdirectory/ruda/builds/build/Ruda-Regular-TTF.ttf
bakery_lint.tests.downstream.test_check_nbsp_width_matches_sp_width.CheckNbspWidthMatchesSpWidth.test_check_nbsp_width_matches_sp_width(): FAIL
bakery_lint.tests.downstream.test_check_names_same_across_platforms.CheckNamesSameAcrossPlatforms.test_check_names_same_across_platforms(): OK
bakery_lint.tests.downstream.test_check_panose_identification.CheckPanoseIdentification.test_check_panose_identification(): OK
bakery_lint.tests.downstream.test_check_license_included.CheckLicenseIncluded.test_license_included_in_font_names(): OK
bakery_lint.tests.downstream.test_check_full_font_name_begins_with_family_name.CheckFullFontNameBeginsWithFamilyName.test_check_full_font_name_begins_with_family_name(): OK
bakery_lint.tests.downstream.test_check_unused_glyph_data.CheckUnusedGlyphData.test_check_unused_glyph_data(): ERROR
bakery_lint.tests.downstream.test_gasp_table_value.CheckGaspTableType.test_check_gasp_table_type(): OK
$ fontbakery-fix-gasp.py --set=15 /home/travis/build/fontdirectory/ruda/builds/build/Ruda-Regular-TTF.ttf
$ mv /home/travis/build/fontdirectory/ruda/builds/build/Ruda-Regular-TTF.ttf.fix /home/travis/build/fontdirectory/ruda/builds/build/Ruda-Regular-TTF.ttf
bakery_lint.tests.downstream.test_check_hmtx_hhea_max_advance_width_agreement.CheckHmtxHheaMaxAdvanceWidthAgreement.test_check_hmtx_hhea_max_advance_width_agreement(): OK
bakery_lint.tests.downstream.test_check_font_agreements.CheckFsTypeIsNotSet.test_is_fstype_not_set(): OK
$ fontbakery-fix-fstype.py --autofix /home/travis/build/fontdirectory/ruda/builds/build/Ruda-Regular-TTF.ttf
$ mv /home/travis/build/fontdirectory/ruda/builds/build/Ruda-Regular-TTF.ttf.fix /home/travis/build/fontdirectory/ruda/builds/build/Ruda-Regular-TTF.ttf
bakery_lint.tests.downstream.test_check_font_agreements.CheckFontAgreements.test_em_is_1000(): OK
bakery_lint.tests.downstream.test_check_font_agreements.CheckFontAgreements.test_font_is_font(): OK
bakery_lint.tests.downstream.test_check_font_agreements.CheckFontAgreements.test_latin_file_exists(): FAIL
bakery_lint.tests.downstream.test_check_font_agreements.CheckFontAgreements.test_menu_file_exists(): FAIL
bakery_lint.tests.downstream.test_check_magic_prep_code.CheckMagicPREPByteCode.test_prep_magic_code(): OK
bakery_lint.tests.downstream.test_check_unencoded_glyph.TestFontUnencodedGlyph.test_font_unencoded_glyphs(): FAIL
$ fontbakery-fix-glyph-private-encoding.py --autofix /home/travis/build/fontdirectory/ruda/builds/build/Ruda-Regular-TTF.ttf
$ mv /home/travis/build/fontdirectory/ruda/builds/build/Ruda-Regular-TTF.ttf.fix /home/travis/build/fontdirectory/ruda/builds/build/Ruda-Regular-TTF.ttf
bakery_lint.tests.downstream.test_check_unencoded_glyph.TestFontUnencodedGlyph.test_font_unencoded_glyphs(): FAIL
bakery_lint.tests.downstream.test_check_glyph_existence.CheckGlyphExistence.test_euro(): OK
bakery_lint.tests.downstream.test_check_glyph_existence.CheckGlyphExistence.test_nbsp(): OK
bakery_lint.tests.downstream.test_check_glyph_existence.CheckGlyphExistence.test_space(): OK
bakery_lint.tests.downstream.test_check_vertical_metrics.CheckVerticalLinegapMetrics.test_metrics_linegaps_are_zero(): OK
bakery_lint.tests.downstream.test_check_vertical_metrics.CheckVerticalAscentMetrics.test_metrics_ascents_equal_bbox(): OK
bakery_lint.tests.downstream.test_check_vertical_metrics.CheckVerticalDescentMetrics.test_metrics_descents_equal_bbox(): OK
bakery_lint.tests.downstream.test_names_are_ascii_only.CheckNamesAreASCIIOnly.test_check_names_are_ascii_only(): OK
bakery_lint.tests.downstream.test_check_glyf_table_length.CheckGlyfTableLength.test_check_glyf_table_length(): FAIL
bakery_lint.tests.downstream.test_check_os2_width_class.CheckOS2WidthClass.test_check_os2_width_class(): OK
bakery_lint.tests.downstream.test_check_no_problematic_formats.CheckNoProblematicFormats.test_check_no_problematic_formats(): OK
bakery_lint.tests.downstream.test_check_fontname_matches_macstyle.CheckFontNameEqualToMacStyleFlags.test_fontname_is_equal_to_macstyle(): FAIL
bakery_lint.tests.downstream.test_gpos_table_has_kerning_info.CheckGposTableHasKerningInfo.test_gpos_table_has_kerning_info(): OK
The following table(s) in the font have been ignored by FontForge
  Ignoring 'DSIG' digital signature table
bakery_lint.tests.downstream.test_fontforge_validation_state.FontForgeValidateStateTest.test_allowed_numbers_paths_in_composite_glyphs(): OK
bakery_lint.tests.downstream.test_fontforge_validation_state.FontForgeValidateStateTest.test_allowed_numbers_paths_in_glyphs(): OK
bakery_lint.tests.downstream.test_fontforge_validation_state.FontForgeValidateStateTest.test_allowed_numbers_points_in_composite_glyphs(): OK
bakery_lint.tests.downstream.test_fontforge_validation_state.FontForgeValidateStateTest.test_allowed_numbers_points_in_glyphs(): OK
bakery_lint.tests.downstream.test_fontforge_validation_state.FontForgeValidateStateTest.test_duplicate_glyphs(): OK
bakery_lint.tests.downstream.test_fontforge_validation_state.FontForgeValidateStateTest.test_duplicate_unicode_codepoints(): OK
bakery_lint.tests.downstream.test_fontforge_validation_state.FontForgeValidateStateTest.test_flipped_reference_in_glyphs(): OK
bakery_lint.tests.downstream.test_fontforge_validation_state.FontForgeValidateStateTest.test_missing_anchors(): OK
bakery_lint.tests.downstream.test_fontforge_validation_state.FontForgeValidateStateTest.test_missing_extrema_in_glyphs(): OK
bakery_lint.tests.downstream.test_fontforge_validation_state.FontForgeValidateStateTest.test_overlapped_hints(): OK
bakery_lint.tests.downstream.test_fontforge_validation_state.FontForgeValidateStateTest.test_points_are_integer_aligned(): OK
bakery_lint.tests.downstream.test_fontforge_validation_state.FontForgeValidateStateTest.test_points_are_not_too_far_apart(): OK
bakery_lint.tests.downstream.test_fontforge_validation_state.FontForgeValidateStateTest.test_postscript_hasnt_limit_hints_in_glyphs(): OK
bakery_lint.tests.downstream.test_fontforge_validation_state.FontForgeValidateStateTest.test_postscript_hasnt_limit_points_in_glyphs(): OK
bakery_lint.tests.downstream.test_fontforge_validation_state.FontForgeValidateStateTest.test_referenced_glyphs_are_present(): OK
bakery_lint.tests.downstream.test_fontforge_validation_state.FontForgeValidateStateTest.test_valid_glyph_names(): OK
bakery_lint.tests.downstream.test_fontforge_validation_state.FontForgeValidateStateTest.test_valid_length_instructions(): OK
bakery_lint.tests.downstream.test_fontforge_validation_state.FontForgeValidateStateTest.test_validation_glyph_intersect(): OK
bakery_lint.tests.downstream.test_fontforge_validation_state.FontForgeValidateStateTest.test_validation_open_contours(): OK
bakery_lint.tests.downstream.test_fontforge_validation_state.FontForgeValidateStateTest.test_wrong_direction_in_glyphs(): OK
### Optimize TTF Ruda-Regular-TTF.ttf
$ ls -l 'Ruda-Regular-TTF.ttf'* # look at the size savings of that subset process
Ruda-Regular-TTF.ttf.opt: 22812 bytes
Ruda-Regular-TTF.ttf: 24972 bytes
$ mv /home/travis/build/fontdirectory/ruda/builds/build/Ruda-Regular-TTF.ttf.opt /home/travis/build/fontdirectory/ruda/builds/build/Ruda-Regular-TTF.ttf
### Autohint TTFs (ttfautohint) Ruda-Regular-TTF.ttf
$ ttfautohint -l 7 -r 28 -G 50 -x 13 -w "G" /home/travis/build/fontdirectory/ruda/builds/build/Ruda-Regular-TTF.ttf '/home/travis/build/fontdirectory/ruda/builds/build/Ruda-Regular-TTF.autohint.ttf'

$ ls -l /home/travis/build/fontdirectory/ruda/builds/build/Ruda-Regular-TTF.*ttf # look at the size savings of that subset process
/home/travis/build/fontdirectory/ruda/builds/build/Ruda-Regular-TTF.ttf: 22812 bytes
/home/travis/build/fontdirectory/ruda/builds/build/Ruda-Regular-TTF.autohint.ttf: 40432 bytes
$ mv /home/travis/build/fontdirectory/ruda/builds/build/Ruda-Regular-TTF.autohint.ttf /home/travis/build/fontdirectory/ruda/builds/build/Ruda-Regular-TTF.ttf
### Subset TTFs (pyftsubset) Ruda-Regular-TTF.ttf
$ pyftsubset Ruda-Regular-TTF.latin
$ pyftsubset Ruda-Regular-TTF.menu
No nbsp glyph
spaceWidth is    225
nbspWidth is     0
Ruda-Regular-TTF.ttf.fix made with spaceWidth and nbspWidth of 225
strippedname:/home/travis/build/fontdirectory/ruda/builds/build/Ruda-Regular-TTF.ttf
$ fontbakery-build-font2ttf.py sources/Ruda-Bold-TTF.sfd Ruda-Bold-TTF.ttf
Success: Generated OpenType-TTF (/home/travis/build/fontdirectory/ruda/builds/build/Ruda-Bold-TTF.ttf)
### Test Ruda-Bold-TTF.ttf
$ fontbakery-check.py result Ruda-Bold-TTF.ttf
bakery_lint.tests.downstream.test_check_italic_angle_agreement.CheckItalicAngleAgreement.test_check_italic_angle_agreement(): OK
bakery_lint.tests.downstream.test_check_upm_heights_less_120.TestCheckUPMHeightsLess120.test_check_upm_heigths_less_120(): FAIL
bakery_lint.tests.downstream.test_check_font_tables.CheckFontHasDsigTable.test_check_font_has_dsig_table(): OK
bakery_lint.tests.downstream.test_check_font_tables.CheckFontHasNotKernTable.test_no_kern_table_exists(): OK
bakery_lint.tests.downstream.test_check_name_table_recommendation.CheckStyleNameRecommendation.test_check_stylename_is_under_recommendations(): OK
bakery_lint.tests.downstream.test_check_name_table_recommendation.CheckOTFamilyNameRecommendation.test_check_opentype_familyname(): FAIL
$ fontbakery-fix-opentype-names.py /home/travis/build/fontdirectory/ruda/builds/build/Ruda-Bold-TTF.ttf
$ mv /home/travis/build/fontdirectory/ruda/builds/build/Ruda-Bold-TTF.ttf.fix /home/travis/build/fontdirectory/ruda/builds/build/Ruda-Bold-TTF.ttf
bakery_lint.tests.downstream.test_check_name_table_recommendation.CheckOTFamilyNameRecommendation.test_check_opentype_familyname(): OK
bakery_lint.tests.downstream.test_check_name_table_recommendation.CheckOTStyleNameRecommendation.test_check_opentype_stylename(): OK
bakery_lint.tests.downstream.test_check_name_table_recommendation.CheckOTFullNameRecommendation.test_check_opentype_fullname(): OK
bakery_lint.tests.downstream.test_check_nbsp_width_matches_sp_width.CheckNbspWidthMatchesSpWidth.test_check_nbsp_width_matches_sp_width(): FAIL
$ fontbakery-fix-nbsp.py /home/travis/build/fontdirectory/ruda/builds/build/Ruda-Bold-TTF.ttf
$ mv /home/travis/build/fontdirectory/ruda/builds/build/Ruda-Bold-TTF.ttf.fix /home/travis/build/fontdirectory/ruda/builds/build/Ruda-Bold-TTF.ttf
bakery_lint.tests.downstream.test_check_nbsp_width_matches_sp_width.CheckNbspWidthMatchesSpWidth.test_check_nbsp_width_matches_sp_width(): FAIL
bakery_lint.tests.downstream.test_check_names_same_across_platforms.CheckNamesSameAcrossPlatforms.test_check_names_same_across_platforms(): OK
bakery_lint.tests.downstream.test_check_panose_identification.CheckPanoseIdentification.test_check_panose_identification(): OK
bakery_lint.tests.downstream.test_check_license_included.CheckLicenseIncluded.test_license_included_in_font_names(): OK
bakery_lint.tests.downstream.test_check_full_font_name_begins_with_family_name.CheckFullFontNameBeginsWithFamilyName.test_check_full_font_name_begins_with_family_name(): OK
bakery_lint.tests.downstream.test_check_unused_glyph_data.CheckUnusedGlyphData.test_check_unused_glyph_data(): ERROR
bakery_lint.tests.downstream.test_gasp_table_value.CheckGaspTableType.test_check_gasp_table_type(): OK
$ fontbakery-fix-gasp.py --set=15 /home/travis/build/fontdirectory/ruda/builds/build/Ruda-Bold-TTF.ttf
$ mv /home/travis/build/fontdirectory/ruda/builds/build/Ruda-Bold-TTF.ttf.fix /home/travis/build/fontdirectory/ruda/builds/build/Ruda-Bold-TTF.ttf
bakery_lint.tests.downstream.test_check_hmtx_hhea_max_advance_width_agreement.CheckHmtxHheaMaxAdvanceWidthAgreement.test_check_hmtx_hhea_max_advance_width_agreement(): OK
bakery_lint.tests.downstream.test_check_font_agreements.CheckFsTypeIsNotSet.test_is_fstype_not_set(): OK
$ fontbakery-fix-fstype.py --autofix /home/travis/build/fontdirectory/ruda/builds/build/Ruda-Bold-TTF.ttf
$ mv /home/travis/build/fontdirectory/ruda/builds/build/Ruda-Bold-TTF.ttf.fix /home/travis/build/fontdirectory/ruda/builds/build/Ruda-Bold-TTF.ttf
bakery_lint.tests.downstream.test_check_font_agreements.CheckFontAgreements.test_em_is_1000(): OK
bakery_lint.tests.downstream.test_check_font_agreements.CheckFontAgreements.test_font_is_font(): OK
bakery_lint.tests.downstream.test_check_font_agreements.CheckFontAgreements.test_latin_file_exists(): FAIL
bakery_lint.tests.downstream.test_check_font_agreements.CheckFontAgreements.test_menu_file_exists(): FAIL
bakery_lint.tests.downstream.test_check_magic_prep_code.CheckMagicPREPByteCode.test_prep_magic_code(): OK
bakery_lint.tests.downstream.test_check_unencoded_glyph.TestFontUnencodedGlyph.test_font_unencoded_glyphs(): FAIL
$ fontbakery-fix-glyph-private-encoding.py --autofix /home/travis/build/fontdirectory/ruda/builds/build/Ruda-Bold-TTF.ttf
$ mv /home/travis/build/fontdirectory/ruda/builds/build/Ruda-Bold-TTF.ttf.fix /home/travis/build/fontdirectory/ruda/builds/build/Ruda-Bold-TTF.ttf
bakery_lint.tests.downstream.test_check_unencoded_glyph.TestFontUnencodedGlyph.test_font_unencoded_glyphs(): FAIL
bakery_lint.tests.downstream.test_check_glyph_existence.CheckGlyphExistence.test_euro(): OK
bakery_lint.tests.downstream.test_check_glyph_existence.CheckGlyphExistence.test_nbsp(): OK
bakery_lint.tests.downstream.test_check_glyph_existence.CheckGlyphExistence.test_space(): OK
bakery_lint.tests.downstream.test_check_vertical_metrics.CheckVerticalLinegapMetrics.test_metrics_linegaps_are_zero(): OK
bakery_lint.tests.downstream.test_check_vertical_metrics.CheckVerticalAscentMetrics.test_metrics_ascents_equal_bbox(): OK
bakery_lint.tests.downstream.test_check_vertical_metrics.CheckVerticalDescentMetrics.test_metrics_descents_equal_bbox(): OK
bakery_lint.tests.downstream.test_names_are_ascii_only.CheckNamesAreASCIIOnly.test_check_names_are_ascii_only(): OK
bakery_lint.tests.downstream.test_check_glyf_table_length.CheckGlyfTableLength.test_check_glyf_table_length(): FAIL
bakery_lint.tests.downstream.test_check_os2_width_class.CheckOS2WidthClass.test_check_os2_width_class(): OK
bakery_lint.tests.downstream.test_check_no_problematic_formats.CheckNoProblematicFormats.test_check_no_problematic_formats(): OK
bakery_lint.tests.downstream.test_check_fontname_matches_macstyle.CheckFontNameEqualToMacStyleFlags.test_fontname_is_equal_to_macstyle(): FAIL
bakery_lint.tests.downstream.test_gpos_table_has_kerning_info.CheckGposTableHasKerningInfo.test_gpos_table_has_kerning_info(): OK
The following table(s) in the font have been ignored by FontForge
  Ignoring 'DSIG' digital signature table
bakery_lint.tests.downstream.test_fontforge_validation_state.FontForgeValidateStateTest.test_allowed_numbers_paths_in_composite_glyphs(): OK
bakery_lint.tests.downstream.test_fontforge_validation_state.FontForgeValidateStateTest.test_allowed_numbers_paths_in_glyphs(): OK
bakery_lint.tests.downstream.test_fontforge_validation_state.FontForgeValidateStateTest.test_allowed_numbers_points_in_composite_glyphs(): OK
bakery_lint.tests.downstream.test_fontforge_validation_state.FontForgeValidateStateTest.test_allowed_numbers_points_in_glyphs(): OK
bakery_lint.tests.downstream.test_fontforge_validation_state.FontForgeValidateStateTest.test_duplicate_glyphs(): OK
bakery_lint.tests.downstream.test_fontforge_validation_state.FontForgeValidateStateTest.test_duplicate_unicode_codepoints(): OK
bakery_lint.tests.downstream.test_fontforge_validation_state.FontForgeValidateStateTest.test_flipped_reference_in_glyphs(): OK
bakery_lint.tests.downstream.test_fontforge_validation_state.FontForgeValidateStateTest.test_missing_anchors(): OK
bakery_lint.tests.downstream.test_fontforge_validation_state.FontForgeValidateStateTest.test_missing_extrema_in_glyphs(): FAIL
bakery_lint.tests.downstream.test_fontforge_validation_state.FontForgeValidateStateTest.test_overlapped_hints(): OK
bakery_lint.tests.downstream.test_fontforge_validation_state.FontForgeValidateStateTest.test_points_are_integer_aligned(): OK
bakery_lint.tests.downstream.test_fontforge_validation_state.FontForgeValidateStateTest.test_points_are_not_too_far_apart(): OK
bakery_lint.tests.downstream.test_fontforge_validation_state.FontForgeValidateStateTest.test_postscript_hasnt_limit_hints_in_glyphs(): OK
bakery_lint.tests.downstream.test_fontforge_validation_state.FontForgeValidateStateTest.test_postscript_hasnt_limit_points_in_glyphs(): OK
bakery_lint.tests.downstream.test_fontforge_validation_state.FontForgeValidateStateTest.test_referenced_glyphs_are_present(): OK
bakery_lint.tests.downstream.test_fontforge_validation_state.FontForgeValidateStateTest.test_valid_glyph_names(): OK
bakery_lint.tests.downstream.test_fontforge_validation_state.FontForgeValidateStateTest.test_valid_length_instructions(): OK
bakery_lint.tests.downstream.test_fontforge_validation_state.FontForgeValidateStateTest.test_validation_glyph_intersect(): FAIL
bakery_lint.tests.downstream.test_fontforge_validation_state.FontForgeValidateStateTest.test_validation_open_contours(): OK
bakery_lint.tests.downstream.test_fontforge_validation_state.FontForgeValidateStateTest.test_wrong_direction_in_glyphs(): OK
### Optimize TTF Ruda-Bold-TTF.ttf
$ ls -l 'Ruda-Bold-TTF.ttf'* # look at the size savings of that subset process
Ruda-Bold-TTF.ttf.opt: 22716 bytes
Ruda-Bold-TTF.ttf: 24884 bytes
$ mv /home/travis/build/fontdirectory/ruda/builds/build/Ruda-Bold-TTF.ttf.opt /home/travis/build/fontdirectory/ruda/builds/build/Ruda-Bold-TTF.ttf
### Autohint TTFs (ttfautohint) Ruda-Bold-TTF.ttf
$ ttfautohint -l 7 -r 28 -G 50 -x 13 -w "G" /home/travis/build/fontdirectory/ruda/builds/build/Ruda-Bold-TTF.ttf '/home/travis/build/fontdirectory/ruda/builds/build/Ruda-Bold-TTF.autohint.ttf'

$ ls -l /home/travis/build/fontdirectory/ruda/builds/build/Ruda-Bold-TTF.*ttf # look at the size savings of that subset process
/home/travis/build/fontdirectory/ruda/builds/build/Ruda-Bold-TTF.ttf: 22716 bytes
/home/travis/build/fontdirectory/ruda/builds/build/Ruda-Bold-TTF.autohint.ttf: 40952 bytes
$ mv /home/travis/build/fontdirectory/ruda/builds/build/Ruda-Bold-TTF.autohint.ttf /home/travis/build/fontdirectory/ruda/builds/build/Ruda-Bold-TTF.ttf
### Subset TTFs (pyftsubset) Ruda-Bold-TTF.ttf
$ pyftsubset Ruda-Bold-TTF.latin
$ pyftsubset Ruda-Bold-TTF.menu
No nbsp glyph
spaceWidth is    235
nbspWidth is     0
Ruda-Bold-TTF.ttf.fix made with spaceWidth and nbspWidth of 235
strippedname:/home/travis/build/fontdirectory/ruda/builds/build/Ruda-Bold-TTF.ttf
### (5 of 6) Generate METADATA.json (fontbakery-build-metadata.py)
$ fontbakery-build-metadata.py /home/travis/build/fontdirectory/ruda/builds/build
{} exists
Designer's name from font is: Mariela Monsalve, Angelina Sanchez
Original size: 40776\nGzip size: 22178
Family Name: Ruda
PS Name: Ruda-Bold
Full Name: Ruda Bold
Style: normal
Weight: 700
Filename: Ruda-Bold.ttf
Copyright: Copyright (c) 2011, Mariela Monsalve (marmonsalve@gmail.com), Copyright (c) 2011, Angelina Sanchez (ange_dg@yahoo.com.ar), With Reserved Font Name "Ruda"
Family Name: Ruda
PS Name: Ruda-Black
Full Name: Ruda Black
Style: normal
Weight: 900
Filename: Ruda-Black-TTF.ttf
Copyright: Copyright (c) 2011, Mariela Monsalve (marmonsalve@gmail.com), Copyright (c) 2011, Angelina Sanchez (ange_dg@yahoo.com.ar), With Reserved Font Name "Ruda"
Family Name: Ruda
PS Name: Ruda-Bold
Full Name: Ruda Bold
Style: normal
Weight: 700
Filename: Ruda-Bold-TTF.ttf
Copyright: Copyright (c) 2011, Mariela Monsalve (marmonsalve@gmail.com), Copyright (c) 2011, Angelina Sanchez (ange_dg@yahoo.com.ar), With Reserved Font Name "Ruda"
Family Name: Ruda
PS Name: Ruda-Black
Full Name: Ruda Black
Style: normal
Weight: 900
Filename: Ruda-Black.ttf
Copyright: Copyright (c) 2011, Mariela Monsalve (marmonsalve@gmail.com), Copyright (c) 2011, Angelina Sanchez (ange_dg@yahoo.com.ar), With Reserved Font Name "Ruda"
Family Name: Ruda
PS Name: Ruda
Full Name: Ruda
Style: normal
Weight: 400
Filename: Ruda-Regular-TTF.ttf
Copyright: Copyright (c) 2011, Mariela Monsalve (marmonsalve@gmail.com), Copyright (c) 2011, Angelina Sanchez (ange_dg@yahoo.com.ar), With Reserved Font Name "Ruda"
Family Name: Ruda
PS Name: Ruda
Full Name: Ruda
Style: normal
Weight: 400
Filename: Ruda-Regular.ttf
Copyright: Copyright (c) 2011, Mariela Monsalve (marmonsalve@gmail.com), Copyright (c) 2011, Angelina Sanchez (ange_dg@yahoo.com.ar), With Reserved Font Name "Ruda"
### (6 of 6) Run tests for METADATA.json
$ fontbakery-check.py metadata METADATA.json
bakery_lint.tests.metadata_test.MetadataSubsetsListTest.test_charset_latin(): OK
bakery_lint.tests.metadata_test.MetadataSubsetsListTest.test_charset_latin_ext(): FAIL
bakery_lint.tests.metadata_test.MetadataSubsetsListTest.test_charset_menu(): OK
bakery_lint.tests.metadata_test.MetadataTest.test_description_is_more_than_500b(): FAIL
bakery_lint.tests.metadata_test.MetadataTest.test_description_is_valid_html(): OK
bakery_lint.tests.metadata_test.MetadataTest.test_does_not_familyName_exist_in_daltonmaag_catalogue(): FAIL
bakery_lint.tests.metadata_test.MetadataTest.test_does_not_familyName_exist_in_fontbureau_catalogue(): OK
bakery_lint.tests.metadata_test.MetadataTest.test_does_not_familyName_exist_in_fontscom_catalogue(): OK
bakery_lint.tests.metadata_test.MetadataTest.test_does_not_familyName_exist_in_fontshop_catalogue(): FAIL
bakery_lint.tests.metadata_test.MetadataTest.test_does_not_familyName_exist_in_fontsmith_catalogue(): FAIL
bakery_lint.tests.metadata_test.MetadataTest.test_does_not_familyName_exist_in_houseind_catalogue(): OK
bakery_lint.tests.metadata_test.MetadataTest.test_does_not_familyName_exist_in_myfonts_catalogue(): OK
bakery_lint.tests.metadata_test.MetadataTest.test_does_not_familyName_exist_in_veer_catalogue(): FAIL
bakery_lint.tests.metadata_test.MetadataTest.test_family_is_listed_in_gwf(): OK
bakery_lint.tests.metadata_test.MetadataTest.test_metadata_atleast_latin_menu_subsets_exist(): OK
/home/travis/virtualenv/python2.7.8/lib/python2.7/site-packages/bakery_lint/tests/metadata_test.py:141: UnicodeWarning: Unicode equal comparison failed to convert both arguments to Unicode - interpreting them as being unequal
  self.assertTrue(designer in designers,
bakery_lint.tests.metadata_test.MetadataTest.test_metadata_designer_exists_in_profiles_csv(): FAIL
bakery_lint.tests.metadata_test.MetadataTest.test_metadata_fonts_items_dicts(): OK
bakery_lint.tests.metadata_test.MetadataTest.test_metadata_fonts_key_list(): OK
bakery_lint.tests.metadata_test.MetadataTest.test_metadata_fonts_no_dupes(): OK
bakery_lint.tests.metadata_test.MetadataTest.test_metadata_has_unique_style_weight_pairs(): OK
bakery_lint.tests.metadata_test.MetadataTest.test_metadata_keys(): OK
bakery_lint.tests.metadata_test.MetadataTest.test_metadata_license(): OK
bakery_lint.tests.metadata_test.MetadataTest.test_metadata_no_unknown_top_keys(): OK
bakery_lint.tests.metadata_test.MetadataTest.test_metadata_subsets_key_list(): OK
bakery_lint.tests.metadata_test.MetadataTest.test_metadata_top_keys_types(): OK
bakery_lint.tests.downstream.test_check_metadata_style_matches_names.CheckItalicStyleMatchesMacStyle.test_check_italic_style_matches_names(): OK
bakery_lint.tests.downstream.test_check_metadata_style_matches_names.CheckNormalStyleMatchesMacStyle.test_check_normal_style_matches_names(): OK
bakery_lint.tests.downstream.test_check_text_files_exist.CheckTextFilesExist.test_copyrighttxt_exists(): FAIL
bakery_lint.tests.downstream.test_check_text_files_exist.CheckTextFilesExist.test_description_exists(): OK
bakery_lint.tests.downstream.test_check_text_files_exist.CheckTextFilesExist.test_fontlogtxt_exists(): OK
bakery_lint.tests.downstream.test_check_text_files_exist.CheckTextFilesExist.test_licensetxt_exists(): FAIL
bakery_lint.tests.downstream.test_check_menu_contains_proper_glyphs.CheckMenuSubsetContainsProperGlyphs.test_check_menu_contains_proper_glyphs(): FAIL
bakery_lint.tests.downstream.test_check_glyph_consistency.CheckGlyphConsistencyInFamily.test_the_same_encodings_of_glyphs_across_family(): OK
bakery_lint.tests.downstream.test_check_glyph_consistency.CheckGlyphConsistencyInFamily.test_the_same_names_of_glyphs_across_family(): FAIL
bakery_lint.tests.downstream.test_check_glyph_consistency.CheckGlyphConsistencyInFamily.test_the_same_number_of_glyphs_across_family(): FAIL
bakery_lint.tests.downstream.test_metadata_font_copyright.CheckMetadataContainsReservedFontName.test_copyright_contains_correct_rfn(): OK
bakery_lint.tests.downstream.test_metadata_font_copyright.CheckMetadataContainsReservedFontName.test_copyright_is_consistent_across_family(): OK
bakery_lint.tests.downstream.test_metadata_font_copyright.CheckMetadataContainsReservedFontName.test_copyright_matches_pattern(): OK
bakery_lint.tests.downstream.test_metadata_font_copyright.CheckMetadataContainsReservedFontName.test_metadata_copyright_size(): OK
bakery_lint.tests.downstream.test_check_monospace_agreements.CheckMonospaceAgreement.test_check_monospace_agreement(): OK
bakery_lint.tests.downstream.test_check_font_name_not_in_camelcase.CheckFontNameNotInCamelCase.test_fontname_not_in_camel_case(): OK
bakery_lint.tests.downstream.test_check_canonical_styles.CheckCanonicalStyles.test_check_canonical_styles(): OK
bakery_lint.tests.downstream.test_check_metadata_matches_nametable.CheckMetadataMatchesNameTable.test_check_metadata_matches_nametable(): OK
bakery_lint.tests.downstream.test_check_metadata_fields.CheckMetadataFields.test_check_metadata_fields(): OK
bakery_lint.tests.downstream.test_check_subsets_exists.CheckSubsetsExist.test_check_subsets_exists(): FAIL
bakery_lint.tests.downstream.test_check_canonical_filenames.CheckCanonicalFilenames.test_check_canonical_filenames(): OK
bakery_lint.tests.downstream.test_check_files_menu_agreements.CheckFontsMenuAgreements.test_menu_file_agreement(): OK
bakery_lint.tests.downstream.test_check_familyname_matches_fontnames.CheckFamilyNameMatchesFontNames.test_check_familyname_matches_fontnames(): OK
bakery_lint.tests.downstream.test_metadata_agreements.TestFontOnDiskFamilyEqualToMetadataJSON.test_font_on_disk_family_equal_in_metadata_json(): OK
bakery_lint.tests.downstream.test_metadata_agreements.TestPostScriptNameInMetadataEqualFontOnDisk.test_postscriptname_in_metadata_equal_to_font_on_disk(): OK
bakery_lint.tests.downstream.test_metadata_agreements.CheckMetadataAgreements.test_font_name_matches_family(): OK
bakery_lint.tests.downstream.test_metadata_agreements.CheckMetadataAgreements.test_metadata_family_values_are_all_the_same(): OK
bakery_lint.tests.downstream.test_metadata_agreements.CheckMetadataAgreements.test_metadata_filename_matches_postscriptname(): FAIL
bakery_lint.tests.downstream.test_metadata_agreements.CheckMetadataAgreements.test_metadata_font_have_regular(): OK
bakery_lint.tests.downstream.test_metadata_agreements.CheckMetadataAgreements.test_metadata_fonts_fields_have_fontname(): OK
bakery_lint.tests.downstream.test_metadata_agreements.CheckMetadataAgreements.test_metadata_fullname_is_equal_to_internal_font_fullname(): OK
bakery_lint.tests.downstream.test_metadata_agreements.CheckMetadataAgreements.test_metadata_fullname_matches_postScriptName(): OK
bakery_lint.tests.downstream.test_metadata_agreements.CheckMetadataAgreements.test_metadata_regular_is_400(): OK
bakery_lint.tests.downstream.test_metadata_agreements.CheckMetadataAgreements.test_metadata_regular_is_normal(): FAIL
bakery_lint.tests.downstream.test_check_canonical_weights.CheckCanonicalWeights.test_check_canonical_weights(): OK
bakery_lint.tests.downstream.test_check_canonical_weights.CheckPostScriptNameMatchesWeight.test_postscriptname_contains_correct_weight(): FAIL
bakery_lint.tests.downstream.test_check_canonical_weights.CheckFontWeightSameAsInMetadata.test_font_weight_same_as_in_metadata(): OK
bakery_lint.tests.downstream.test_check_canonical_weights.CheckFullNameEqualCanonicalName.test_metadata_contains_current_font(): OK
{
  "name": "Ruda", 
  "designer": "Multiple Designers", 
  "license": "OFL", 
  "visibility": "External", 
  "category": "Sans Serif", 
  "size": 14774, 
  "fonts": [
    {
      "name": "Ruda", 
      "postScriptName": "Ruda-Bold", 
      "fullName": "Ruda Bold", 
      "style": "normal", 
      "weight": 700, 
      "filename": "Ruda-Bold.ttf", 
      "copyright": "Copyright (c) 2011, Mariela Monsalve (marmonsalve@gmail.com), Copyright (c) 2011, Angelina Sanchez (ange_dg@yahoo.com.ar), With Reserved Font Name \"Ruda\""
    }, 
    {
      "name": "Ruda", 
      "postScriptName": "Ruda-Black", 
      "fullName": "Ruda Black", 
      "style": "normal", 
      "weight": 900, 
      "filename": "Ruda-Black-TTF.ttf", 
      "copyright": "Copyright (c) 2011, Mariela Monsalve (marmonsalve@gmail.com), Copyright (c) 2011, Angelina Sanchez (ange_dg@yahoo.com.ar), With Reserved Font Name \"Ruda\""
    }, 
    {
      "name": "Ruda", 
      "postScriptName": "Ruda-Bold", 
      "fullName": "Ruda Bold", 
      "style": "normal", 
      "weight": 700, 
      "filename": "Ruda-Bold-TTF.ttf", 
      "copyright": "Copyright (c) 2011, Mariela Monsalve (marmonsalve@gmail.com), Copyright (c) 2011, Angelina Sanchez (ange_dg@yahoo.com.ar), With Reserved Font Name \"Ruda\""
    }, 
    {
      "name": "Ruda", 
      "postScriptName": "Ruda-Black", 
      "fullName": "Ruda Black", 
      "style": "normal", 
      "weight": 900, 
      "filename": "Ruda-Black.ttf", 
      "copyright": "Copyright (c) 2011, Mariela Monsalve (marmonsalve@gmail.com), Copyright (c) 2011, Angelina Sanchez (ange_dg@yahoo.com.ar), With Reserved Font Name \"Ruda\""
    }, 
    {
      "name": "Ruda", 
      "postScriptName": "Ruda", 
      "fullName": "Ruda", 
      "style": "normal", 
      "weight": 400, 
      "filename": "Ruda-Regular-TTF.ttf", 
      "copyright": "Copyright (c) 2011, Mariela Monsalve (marmonsalve@gmail.com), Copyright (c) 2011, Angelina Sanchez (ange_dg@yahoo.com.ar), With Reserved Font Name \"Ruda\""
    }, 
    {
      "name": "Ruda", 
      "postScriptName": "Ruda", 
      "fullName": "Ruda", 
      "style": "normal", 
      "weight": 400, 
      "filename": "Ruda-Regular.ttf", 
      "copyright": "Copyright (c) 2011, Mariela Monsalve (marmonsalve@gmail.com), Copyright (c) 2011, Angelina Sanchez (ange_dg@yahoo.com.ar), With Reserved Font Name \"Ruda\""
    }
  ], 
  "subsets": [
    "latin", 
    "menu"
  ], 
  "dateAdded": "2012-01-11"
}
